******************************************************************************
                  MSP430 Linker PC v16.9.11                    
******************************************************************************
>> Linked Mon Sep 29 13:40:25 2025

OUTPUT FILE NAME:   <TP_RTOS2.out>
ENTRY POINT SYMBOL: "_c_int00_noargs_noexit_mpu"  address: 00005800


MEMORY CONFIGURATION

         name            origin    length      used     unused   attr    fill
----------------------  --------  ---------  --------  --------  ----  --------
  TINYRAM               00000006   0000001a  00000000  0000001a  RWIX
  PERIPHERALS_8BIT      00000020   000000e0  00000000  000000e0  RWIX
  PERIPHERALS_16BIT     00000100   00000100  00000000  00000100  RWIX
  INFOD                 00001800   00000080  00000000  00000080  RWIX
  INFOC                 00001880   00000080  00000000  00000080  RWIX
  INFOB                 00001900   00000080  00000000  00000080  RWIX
  INFOA                 00001980   00000080  00000000  00000080  RWIX
  RAM                   00001c00   00000800  00000300  00000500  RWIX
  FRAM                  00004400   0000bb80  00001aeb  0000a095  RWIX
  JTAGSIGNATURE         0000ff80   00000004  00000004  00000000  RWIX  ffff 
  BSLSIGNATURE          0000ff84   00000004  00000004  00000000  RWIX  ffff 
  IPESIGNATURE          0000ff88   00000008  00000008  00000000  RWIX  ffff 
  INT00                 0000ff90   00000002  00000000  00000002  RWIX
  INT01                 0000ff92   00000002  00000000  00000002  RWIX
  INT02                 0000ff94   00000002  00000000  00000002  RWIX
  INT03                 0000ff96   00000002  00000000  00000002  RWIX
  INT04                 0000ff98   00000002  00000000  00000002  RWIX
  INT05                 0000ff9a   00000002  00000000  00000002  RWIX
  INT06                 0000ff9c   00000002  00000000  00000002  RWIX
  INT07                 0000ff9e   00000002  00000000  00000002  RWIX
  INT08                 0000ffa0   00000002  00000000  00000002  RWIX
  INT09                 0000ffa2   00000002  00000000  00000002  RWIX
  INT10                 0000ffa4   00000002  00000000  00000002  RWIX
  INT11                 0000ffa6   00000002  00000000  00000002  RWIX
  INT12                 0000ffa8   00000002  00000000  00000002  RWIX
  INT13                 0000ffaa   00000002  00000000  00000002  RWIX
  INT14                 0000ffac   00000002  00000000  00000002  RWIX
  INT15                 0000ffae   00000002  00000000  00000002  RWIX
  INT16                 0000ffb0   00000002  00000000  00000002  RWIX
  INT17                 0000ffb2   00000002  00000000  00000002  RWIX
  INT18                 0000ffb4   00000002  00000000  00000002  RWIX
  INT19                 0000ffb6   00000002  00000000  00000002  RWIX
  INT20                 0000ffb8   00000002  00000000  00000002  RWIX
  INT21                 0000ffba   00000002  00000000  00000002  RWIX
  INT22                 0000ffbc   00000002  00000000  00000002  RWIX
  INT23                 0000ffbe   00000002  00000000  00000002  RWIX
  INT24                 0000ffc0   00000002  00000000  00000002  RWIX
  INT25                 0000ffc2   00000002  00000000  00000002  RWIX
  INT26                 0000ffc4   00000002  00000000  00000002  RWIX
  INT27                 0000ffc6   00000002  00000002  00000000  RWIX
  INT28                 0000ffc8   00000002  00000002  00000000  RWIX
  INT29                 0000ffca   00000002  00000002  00000000  RWIX
  INT30                 0000ffcc   00000002  00000002  00000000  RWIX
  INT31                 0000ffce   00000002  00000002  00000000  RWIX
  INT32                 0000ffd0   00000002  00000002  00000000  RWIX
  INT33                 0000ffd2   00000002  00000002  00000000  RWIX
  INT34                 0000ffd4   00000002  00000002  00000000  RWIX
  INT35                 0000ffd6   00000002  00000002  00000000  RWIX
  INT36                 0000ffd8   00000002  00000002  00000000  RWIX
  INT37                 0000ffda   00000002  00000002  00000000  RWIX
  INT38                 0000ffdc   00000002  00000002  00000000  RWIX
  INT39                 0000ffde   00000002  00000002  00000000  RWIX
  INT40                 0000ffe0   00000002  00000002  00000000  RWIX
  INT41                 0000ffe2   00000002  00000002  00000000  RWIX
  INT42                 0000ffe4   00000002  00000002  00000000  RWIX
  INT43                 0000ffe6   00000002  00000002  00000000  RWIX
  INT44                 0000ffe8   00000002  00000002  00000000  RWIX
  INT45                 0000ffea   00000002  00000002  00000000  RWIX
  INT46                 0000ffec   00000002  00000002  00000000  RWIX
  INT47                 0000ffee   00000002  00000002  00000000  RWIX
  INT48                 0000fff0   00000002  00000002  00000000  RWIX
  INT49                 0000fff2   00000002  00000002  00000000  RWIX
  INT50                 0000fff4   00000002  00000002  00000000  RWIX
  INT51                 0000fff6   00000002  00000002  00000000  RWIX
  INT52                 0000fff8   00000002  00000002  00000000  RWIX
  INT53                 0000fffa   00000002  00000002  00000000  RWIX
  INT54                 0000fffc   00000002  00000002  00000000  RWIX
  RESET                 0000fffe   00000002  00000002  00000000  RWIX
  FRAM2                 00010000   00014000  000040ca  0000ff36  RWIX


SECTION ALLOCATION MAP

 output                                  attributes/
section   page    origin      length       input sections
--------  ----  ----------  ----------   ----------------
.stack     0    00002100    00000300     UNINITIALIZED
                  00002100    00000004     boot.ae430X : boot.oe430X (.stack)
                  00002104    000002fc     --HOLE--

.TI.persistent 
*          0    00004400    00000000     UNINITIALIZED

.cio       0    00004400    00000000     UNINITIALIZED

.sysmem    0    00004400    00000000     UNINITIALIZED

.ipestruct 
*          0    00004400    00000000     UNINITIALIZED

.ipe       0    00004400    00000000     UNINITIALIZED

.ipe:_isr 
*          0    00004400    00000000     UNINITIALIZED

.ipe_vars 
*          0    00004400    00000000     UNINITIALIZED

.bss       0    00004400    00000dbc     UNINITIALIZED
                  00004400    00000a00     empty_min_pe430X.oe430X (.bss:taskStackSection)
                  00004e00    00000200     (.common:ti_sysbios_heaps_HeapMem_Instance_State_0_buf__A)
                  00005000    00000168     (.common:ti_sysbios_knl_Mailbox_Instance_State_0_allocBuf__A)
                  00005168    00000040     (.common:LCDBufferText)
                  000051a8    00000008     (.common:act_calendar)
                  000051b0    00000004     (.common:Msg)
                  000051b4    00000004     (.common:Msg2)
                  000051b8    00000002     (.common:RetVal)
                  000051ba    00000002     (.common:degree)

.data      0    000051bc    000004b4     UNINITIALIZED
                  000051bc    00000136     empty_min_pe430X.oe430X (.data:ti_sysbios_knl_Task_Object__table__V)
                  000052f2    00000080     empty_min_pe430X.oe430X (.data:ti_sysbios_knl_Swi_Module_State_0_readyQ__A)
                  00005372    00000080     empty_min_pe430X.oe430X (.data:ti_sysbios_knl_Task_Module_State_0_readyQ__A)
                  000053f2    00000046     empty_min_pe430X.oe430X (.data:ti_sysbios_knl_Mailbox_Object__table__V)
                  00005438    0000003c     empty_min_pe430X.oe430X (.data:ti_sysbios_knl_Task_Module__state__V)
                  00005474    00000038     empty_min_pe430X.oe430X (.data:ti_sysbios_family_msp430_Hwi_Object__table__V)
                  000054ac    00000036     empty_min_pe430X.oe430X (.data:ti_sysbios_family_msp430_Timer_Object__table__V)
                  000054e2    00000034     empty_min_pe430X.oe430X (.data:ti_sysbios_gates_GateMutex_Object__table__V)
                  00005516    00000026     empty_min_pe430X.oe430X (.data:ti_sysbios_knl_Clock_Module__state__V)
                  0000553c    00000026     empty_min_pe430X.oe430X (.data:ti_sysbios_knl_Swi_Object__table__V)
                  00005562    00000020     empty_min_pe430X.oe430X (.data:ti_sysbios_BIOS_Module__state__V)
                  00005582    0000001e     empty_min_pe430X.oe430X (.data:ti_sysbios_family_msp430_Timer_Module_State_0_device__A)
                  000055a0    0000001e     empty_min_pe430X.oe430X (.data:ti_sysbios_knl_Event_Object__table__V)
                  000055be    00000016     empty_min_pe430X.oe430X (.data:ti_sysbios_heaps_HeapMem_Object__table__V)
                  000055d4    00000016     empty_min_pe430X.oe430X (.data:ti_sysbios_knl_Swi_Module__state__V)
                  000055ea    00000014     empty_min_pe430X.oe430X (.data:ti_sysbios_family_msp430_Timer_Module_State_0_handles__A)
                  000055fe    00000012     empty_min_pe430X.oe430X (.data:ti_sysbios_knl_Semaphore_Object__table__V)
                  00005610    0000000a     empty_min_pe430X.oe430X (.data:ti_sysbios_family_msp430_Timer_Module__state__V)
                  0000561a    00000008     empty_min_pe430X.oe430X (.data:ti_sysbios_family_msp430_Hwi_Module__state__V)
                  00005622    00000008     empty_min_pe430X.oe430X (.data:ti_sysbios_gates_GateHwi_Module__root__V)
                  0000562a    00000008     empty_min_pe430X.oe430X (.data:ti_sysbios_gates_GateMutex_Module__root__V)
                  00005632    00000008     empty_min_pe430X.oe430X (.data:ti_sysbios_heaps_HeapMem_Module__root__V)
                  0000563a    00000008     empty_min_pe430X.oe430X (.data:ti_sysbios_knl_Queue_Module__root__V)
                  00005642    00000008     empty_min_pe430X.oe430X (.data:ti_sysbios_knl_Semaphore_Module__root__V)
                  0000564a    00000008     empty_min_pe430X.oe430X (.data:xdc_runtime_Startup_Module__state__V)
                  00005652    00000006     hal_LCD.obj (.data:TabPosi)
                  00005658    00000006     empty_min_pe430X.oe430X (.data:xdc_runtime_System_Module__state__V)
                  0000565e    00000004     rts430x_lc_rd_eabi.lib : _lock.obj (.data:_lock)
                  00005662    00000004                            : _lock.obj (.data:_unlock)
                  00005666    00000004     empty_min_pe430X.oe430X (.data:ti_sysbios_gates_GateHwi_Object__table__V)
                  0000566a    00000004     empty_min_pe430X.oe430X (.data:ti_sysbios_knl_Task_Module_State_0_idleTask__A)
                  0000566e    00000002     empty_min_pe430X.oe430X (.data:xdc_runtime_Memory_Module__state__V)

.text:_isr 
*          0    00005800    000000da     
                  00005800    0000002a     boot.ae430X : boot_special.oe430X (.text:_isr:_c_int00_noargs_noexit_mpu)
                  0000582a    00000020     sysbios.ae430X : BIOS.obj (.text:_isr:ti_sysbios_family_msp430_Hwi28)
                  0000584a    00000020                    : BIOS.obj (.text:_isr:ti_sysbios_family_msp430_Hwi37)
                  0000586a    00000020                    : BIOS.obj (.text:_isr:ti_sysbios_family_msp430_Hwi44)
                  0000588a    00000020                    : BIOS.obj (.text:_isr:ti_sysbios_family_msp430_Hwi45)
                  000058aa    00000002                    : BIOS.obj (.text:_isr:ti_sysbios_family_msp430_Hwi27)
                  000058ac    00000002                    : BIOS.obj (.text:_isr:ti_sysbios_family_msp430_Hwi29)
                  000058ae    00000002                    : BIOS.obj (.text:_isr:ti_sysbios_family_msp430_Hwi30)
                  000058b0    00000002                    : BIOS.obj (.text:_isr:ti_sysbios_family_msp430_Hwi31)
                  000058b2    00000002                    : BIOS.obj (.text:_isr:ti_sysbios_family_msp430_Hwi32)
                  000058b4    00000002                    : BIOS.obj (.text:_isr:ti_sysbios_family_msp430_Hwi33)
                  000058b6    00000002                    : BIOS.obj (.text:_isr:ti_sysbios_family_msp430_Hwi34)
                  000058b8    00000002                    : BIOS.obj (.text:_isr:ti_sysbios_family_msp430_Hwi35)
                  000058ba    00000002                    : BIOS.obj (.text:_isr:ti_sysbios_family_msp430_Hwi36)
                  000058bc    00000002                    : BIOS.obj (.text:_isr:ti_sysbios_family_msp430_Hwi38)
                  000058be    00000002                    : BIOS.obj (.text:_isr:ti_sysbios_family_msp430_Hwi39)
                  000058c0    00000002                    : BIOS.obj (.text:_isr:ti_sysbios_family_msp430_Hwi40)
                  000058c2    00000002                    : BIOS.obj (.text:_isr:ti_sysbios_family_msp430_Hwi41)
                  000058c4    00000002                    : BIOS.obj (.text:_isr:ti_sysbios_family_msp430_Hwi42)
                  000058c6    00000002                    : BIOS.obj (.text:_isr:ti_sysbios_family_msp430_Hwi43)
                  000058c8    00000002                    : BIOS.obj (.text:_isr:ti_sysbios_family_msp430_Hwi46)
                  000058ca    00000002                    : BIOS.obj (.text:_isr:ti_sysbios_family_msp430_Hwi47)
                  000058cc    00000002                    : BIOS.obj (.text:_isr:ti_sysbios_family_msp430_Hwi48)
                  000058ce    00000002                    : BIOS.obj (.text:_isr:ti_sysbios_family_msp430_Hwi49)
                  000058d0    00000002                    : BIOS.obj (.text:_isr:ti_sysbios_family_msp430_Hwi50)
                  000058d2    00000002                    : BIOS.obj (.text:_isr:ti_sysbios_family_msp430_Hwi51)
                  000058d4    00000002                    : BIOS.obj (.text:_isr:ti_sysbios_family_msp430_Hwi52)
                  000058d6    00000002                    : BIOS.obj (.text:_isr:ti_sysbios_family_msp430_Hwi53)
                  000058d8    00000002                    : BIOS.obj (.text:_isr:ti_sysbios_family_msp430_Hwi54)

.cinit     0    00005cce    0000021e     
                  00005cce    000001fc     (.cinit..data.load) [load image, compression = lzss]
                  00005eca    0000000c     (__TI_handler_table)
                  00005ed6    00000006     (.cinit..bss.load) [load image, compression = zero_init]
                  00005edc    00000010     (__TI_cinit_table)

.init_array 
*          0    00004400    00000000     UNINITIALIZED

.const     0    000058da    000003f3     
                  000058da    00000046     empty_min_pe430X.oe430X (.const:.string)
                  00005920    0000003c     main.obj (.const:.string)
                  0000595c    00000034     hal_LCD.obj (.const:alphabetBig)
                  00005990    00000030     empty_min_pe430X.oe430X (.const)
                  000059c0    0000002a     ti.targets.msp430.rts430.ae430X : Startup.oe430X (.const:.string)
                  000059ea    00000026     empty_min_pe430X.oe430X (.const:ti_sysbios_heaps_HeapMem_Module__FXNS__C)
                  00005a10    00000022     empty_min_pe430X.oe430X (.const:ti_sysbios_gates_GateHwi_Module__FXNS__C)
                  00005a32    00000022     empty_min_pe430X.oe430X (.const:ti_sysbios_gates_GateMutex_Module__FXNS__C)
                  00005a54    00000020     sysbios.ae430X : BIOS.obj (.const:IntrinsicsSupport_maxbitTable)
                  00005a74    00000020     empty_min_pe430X.oe430X (.const:xdc_runtime_Startup_sfxnTab__A)
                  00005a94    0000001e     empty_min_pe430X.oe430X (.const:ti_sysbios_heaps_HeapMem_Object__PARAMS__C)
                  00005ab2    0000001c     MSP430FR6989.lib : gpio.obj (.const:GPIO_PORT_TO_BASE)
                  00005ace    0000001c     empty_min_pe430X.oe430X (.const:ti_sysbios_knl_Semaphore_Object__PARAMS__C)
                  00005aea    00000018     empty_min_pe430X.oe430X (.const:ti_sysbios_gates_GateHwi_Object__DESC__C)
                  00005b02    00000018     empty_min_pe430X.oe430X (.const:ti_sysbios_gates_GateMutex_Object__DESC__C)
                  00005b1a    00000018     empty_min_pe430X.oe430X (.const:ti_sysbios_heaps_HeapMem_Object__DESC__C)
                  00005b32    00000018     empty_min_pe430X.oe430X (.const:ti_sysbios_knl_Queue_Object__DESC__C)
                  00005b4a    00000018     empty_min_pe430X.oe430X (.const:ti_sysbios_knl_Semaphore_Object__DESC__C)
                  00005b62    00000014     hal_LCD.obj (.const:digit)
                  00005b76    00000014     empty_min_pe430X.oe430X (.const:ti_sysbios_gates_GateHwi_Object__PARAMS__C)
                  00005b8a    00000014     empty_min_pe430X.oe430X (.const:ti_sysbios_gates_GateMutex_Object__PARAMS__C)
                  00005b9e    00000014     empty_min_pe430X.oe430X (.const:ti_sysbios_knl_Queue_Object__PARAMS__C)
                  00005bb2    00000010     empty_min_pe430X.oe430X (.const:xdc_runtime_Startup_sfxnRts__A)
                  00005bc2    0000000c     hal_LCD.obj (.const:$P$T0$1)
                  00005bce    0000000a     adc.obj (.const:$P$T0$1)
                  00005bd8    0000000a     adc.obj (.const:$P$T1$2)
                  00005be2    00000008     empty_min_pe430X.oe430X (.const:ti_sysbios_knl_Idle_funcList__A)
                  00005bea    00000008     empty_min_pe430X.oe430X (.const:xdc_runtime_Startup_firstFxns__A)
                  00005bf2    00000006     hal_LCD.obj (.const:.string:$P$T1$2)
                  00005bf8    00000006     ti.targets.msp430.rts430.ae430X : Assert.oe430X (.const:.string)
                  00005bfe    00000006     empty_min_pe430X.oe430X (.const:ti_sysbios_family_msp430_Hwi_hooks__C)
                  00005c04    00000006     empty_min_pe430X.oe430X (.const:ti_sysbios_knl_Idle_funcList__C)
                  00005c0a    00000006     empty_min_pe430X.oe430X (.const:xdc_runtime_Startup_firstFxns__C)
                  00005c10    00000006     empty_min_pe430X.oe430X (.const:xdc_runtime_Startup_lastFxns__C)
                  00005c16    00000004     empty_min_pe430X.oe430X (.const:ti_sysbios_hal_Hwi_E_stackOverflow__C)
                  00005c1a    00000004     empty_min_pe430X.oe430X (.const:ti_sysbios_heaps_HeapMem_E_memory__C)
                  00005c1e    00000004     empty_min_pe430X.oe430X (.const:ti_sysbios_heaps_HeapMem_Module__gateObj__C)
                  00005c22    00000004     empty_min_pe430X.oe430X (.const:ti_sysbios_knl_Semaphore_eventPost__C)
                  00005c26    00000004     empty_min_pe430X.oe430X (.const:ti_sysbios_knl_Semaphore_eventSync__C)
                  00005c2a    00000004     empty_min_pe430X.oe430X (.const:ti_sysbios_knl_Task_E_spOutOfBounds__C)
                  00005c2e    00000004     empty_min_pe430X.oe430X (.const:ti_sysbios_knl_Task_E_stackOverflow__C)
                  00005c32    00000004     empty_min_pe430X.oe430X (.const:ti_sysbios_knl_Task_allBlockedFunc__C)
                  00005c36    00000004     empty_min_pe430X.oe430X (.const:xdc_runtime_Assert_E_assertFailed__C)
                  00005c3a    00000004     empty_min_pe430X.oe430X (.const:xdc_runtime_Core_A_initializedParams__C)
                  00005c3e    00000004     empty_min_pe430X.oe430X (.const:xdc_runtime_Core_Module__diagsEnabled__C)
                  00005c42    00000004     empty_min_pe430X.oe430X (.const:xdc_runtime_Core_Module__diagsIncluded__C)
                  00005c46    00000004     empty_min_pe430X.oe430X (.const:xdc_runtime_Core_Module__diagsMask__C)
                  00005c4a    00000004     empty_min_pe430X.oe430X (.const:xdc_runtime_Error_E_memory__C)
                  00005c4e    00000004     empty_min_pe430X.oe430X (.const:xdc_runtime_Error_policyFxn__C)
                  00005c52    00000004     empty_min_pe430X.oe430X (.const:xdc_runtime_IGateProvider_Interface__BASE__C)
                  00005c56    00000004     empty_min_pe430X.oe430X (.const:xdc_runtime_IHeap_Interface__BASE__C)
                  00005c5a    00000004     empty_min_pe430X.oe430X (.const:xdc_runtime_IModule_Interface__BASE__C)
                  00005c5e    00000004     empty_min_pe430X.oe430X (.const:xdc_runtime_Memory_defaultHeapInstance__C)
                  00005c62    00000004     empty_min_pe430X.oe430X (.const:xdc_runtime_Startup_execImpl__C)
                  00005c66    00000004     empty_min_pe430X.oe430X (.const:xdc_runtime_Startup_sfxnRts__C)
                  00005c6a    00000004     empty_min_pe430X.oe430X (.const:xdc_runtime_Startup_sfxnTab__C)
                  00005c6e    00000004     empty_min_pe430X.oe430X (.const:xdc_runtime_SysCallback_abortFxn__C)
                  00005c72    00000004     empty_min_pe430X.oe430X (.const:xdc_runtime_SysCallback_exitFxn__C)
                  00005c76    00000004     empty_min_pe430X.oe430X (.const:xdc_runtime_System_Module__gateObj__C)
                  00005c7a    00000004     empty_min_pe430X.oe430X (.const:xdc_runtime_System_abortFxn__C)
                  00005c7e    00000004     empty_min_pe430X.oe430X (.const:xdc_runtime_System_exitFxn__C)
                  00005c82    00000004     empty_min_pe430X.oe430X (.const:xdc_runtime_Text_charTab__C)
                  00005c86    00000004     empty_min_pe430X.oe430X (.const:xdc_runtime_Text_nameEmpty__C)
                  00005c8a    00000004     empty_min_pe430X.oe430X (.const:xdc_runtime_Text_nameStatic__C)
                  00005c8e    00000004     empty_min_pe430X.oe430X (.const:xdc_runtime_Text_nameUnknown__C)
                  00005c92    00000002     empty_min_pe430X.oe430X (.const:ti_sysbios_family_msp430_Hwi_Object__count__C)
                  00005c94    00000002     empty_min_pe430X.oe430X (.const:ti_sysbios_family_msp430_Timer_numTimerDevices__C)
                  00005c96    00000002     empty_min_pe430X.oe430X (.const:ti_sysbios_family_msp430_Timer_startupNeeded__C)
                  00005c98    00000002     empty_min_pe430X.oe430X (.const:ti_sysbios_gates_GateMutex_Instance_State_sem__O)
                  00005c9a    00000002     empty_min_pe430X.oe430X (.const:ti_sysbios_hal_Hwi_Module__id__C)
                  00005c9c    00000002     empty_min_pe430X.oe430X (.const:ti_sysbios_heaps_HeapMem_Module__id__C)
                  00005c9e    00000002     empty_min_pe430X.oe430X (.const:ti_sysbios_heaps_HeapMem_Object__count__C)
                  00005ca0    00000002     empty_min_pe430X.oe430X (.const:ti_sysbios_heaps_HeapMem_reqAlign__C)
                  00005ca2    00000002     empty_min_pe430X.oe430X (.const:ti_sysbios_knl_Clock_Module_State_clockQ__O)
                  00005ca4    00000002     empty_min_pe430X.oe430X (.const:ti_sysbios_knl_Event_Instance_State_pendQ__O)
                  00005ca6    00000002     empty_min_pe430X.oe430X (.const:ti_sysbios_knl_Mailbox_Instance_State_dataQue__O)
                  00005ca8    00000002     empty_min_pe430X.oe430X (.const:ti_sysbios_knl_Mailbox_Instance_State_dataSem__O)
                  00005caa    00000002     empty_min_pe430X.oe430X (.const:ti_sysbios_knl_Mailbox_Instance_State_freeQue__O)
                  00005cac    00000002     empty_min_pe430X.oe430X (.const:ti_sysbios_knl_Mailbox_Instance_State_freeSem__O)
                  00005cae    00000002     empty_min_pe430X.oe430X (.const:ti_sysbios_knl_Mailbox_Object__count__C)
                  00005cb0    00000002     empty_min_pe430X.oe430X (.const:ti_sysbios_knl_Mailbox_maxTypeAlign__C)
                  00005cb2    00000002     empty_min_pe430X.oe430X (.const:ti_sysbios_knl_Semaphore_Instance_State_pendQ__O)
                  00005cb4    00000002     empty_min_pe430X.oe430X (.const:ti_sysbios_knl_Swi_Object__count__C)
                  00005cb6    00000002     empty_min_pe430X.oe430X (.const:ti_sysbios_knl_Task_Module_State_inactiveQ__O)
                  00005cb8    00000002     empty_min_pe430X.oe430X (.const:ti_sysbios_knl_Task_Module__id__C)
                  00005cba    00000002     empty_min_pe430X.oe430X (.const:ti_sysbios_knl_Task_Object__count__C)
                  00005cbc    00000002     empty_min_pe430X.oe430X (.const:ti_sysbios_knl_Task_numConstructedTasks__C)
                  00005cbe    00000002     empty_min_pe430X.oe430X (.const:xdc_runtime_Core_Module__id__C)
                  00005cc0    00000002     empty_min_pe430X.oe430X (.const:xdc_runtime_Error_policy__C)
                  00005cc2    00000002     empty_min_pe430X.oe430X (.const:xdc_runtime_Memory_Module__id__C)
                  00005cc4    00000002     empty_min_pe430X.oe430X (.const:xdc_runtime_Startup_maxPasses__C)
                  00005cc6    00000002     empty_min_pe430X.oe430X (.const:xdc_runtime_System_maxAtexitHandlers__C)
                  00005cc8    00000002     empty_min_pe430X.oe430X (.const:xdc_runtime_Text_charCnt__C)
                  00005cca    00000002     empty_min_pe430X.oe430X (.const:xdc_runtime_Text_isLoaded__C)
                  00005ccc    00000001     empty_min_pe430X.oe430X (.const:xdc_runtime_Text_charTab__A)

$fill000   0    0000ff80    00000004     
                  0000ff80    00000004     --HOLE-- [fill = ffff]

$fill001   0    0000ff84    00000004     
                  0000ff84    00000004     --HOLE-- [fill = ffff]

$fill002   0    0000ff88    00000008     
                  0000ff88    00000008     --HOLE-- [fill = ffff]

AES256     0    0000ffc6    00000002     
                  0000ffc6    00000002     sysbios.ae430X : BIOS.obj (.int27)

RTC        0    0000ffc8    00000002     
                  0000ffc8    00000002     sysbios.ae430X : BIOS.obj (.int28)

LCD_C      0    0000ffca    00000002     
                  0000ffca    00000002     sysbios.ae430X : BIOS.obj (.int29)

PORT4      0    0000ffcc    00000002     
                  0000ffcc    00000002     sysbios.ae430X : BIOS.obj (.int30)

PORT3      0    0000ffce    00000002     
                  0000ffce    00000002     sysbios.ae430X : BIOS.obj (.int31)

TIMER3_A1 
*          0    0000ffd0    00000002     
                  0000ffd0    00000002     sysbios.ae430X : BIOS.obj (.int32)

TIMER3_A0 
*          0    0000ffd2    00000002     
                  0000ffd2    00000002     sysbios.ae430X : BIOS.obj (.int33)

PORT2      0    0000ffd4    00000002     
                  0000ffd4    00000002     sysbios.ae430X : BIOS.obj (.int34)

TIMER2_A1 
*          0    0000ffd6    00000002     
                  0000ffd6    00000002     sysbios.ae430X : BIOS.obj (.int35)

TIMER2_A0 
*          0    0000ffd8    00000002     
                  0000ffd8    00000002     sysbios.ae430X : BIOS.obj (.int36)

PORT1      0    0000ffda    00000002     
                  0000ffda    00000002     sysbios.ae430X : BIOS.obj (.int37)

TIMER1_A1 
*          0    0000ffdc    00000002     
                  0000ffdc    00000002     sysbios.ae430X : BIOS.obj (.int38)

TIMER1_A0 
*          0    0000ffde    00000002     
                  0000ffde    00000002     sysbios.ae430X : BIOS.obj (.int39)

DMA        0    0000ffe0    00000002     
                  0000ffe0    00000002     sysbios.ae430X : BIOS.obj (.int40)

USCI_B1    0    0000ffe2    00000002     
                  0000ffe2    00000002     sysbios.ae430X : BIOS.obj (.int41)

USCI_A1    0    0000ffe4    00000002     
                  0000ffe4    00000002     sysbios.ae430X : BIOS.obj (.int42)

TIMER0_A1 
*          0    0000ffe6    00000002     
                  0000ffe6    00000002     sysbios.ae430X : BIOS.obj (.int43)

TIMER0_A0 
*          0    0000ffe8    00000002     
                  0000ffe8    00000002     sysbios.ae430X : BIOS.obj (.int44)

ADC12      0    0000ffea    00000002     
                  0000ffea    00000002     sysbios.ae430X : BIOS.obj (.int45)

USCI_B0    0    0000ffec    00000002     
                  0000ffec    00000002     sysbios.ae430X : BIOS.obj (.int46)

USCI_A0    0    0000ffee    00000002     
                  0000ffee    00000002     sysbios.ae430X : BIOS.obj (.int47)

ESCAN_IF   0    0000fff0    00000002     
                  0000fff0    00000002     sysbios.ae430X : BIOS.obj (.int48)

WDT        0    0000fff2    00000002     
                  0000fff2    00000002     sysbios.ae430X : BIOS.obj (.int49)

TIMER0_B1 
*          0    0000fff4    00000002     
                  0000fff4    00000002     sysbios.ae430X : BIOS.obj (.int50)

TIMER0_B0 
*          0    0000fff6    00000002     
                  0000fff6    00000002     sysbios.ae430X : BIOS.obj (.int51)

COMP_E     0    0000fff8    00000002     
                  0000fff8    00000002     sysbios.ae430X : BIOS.obj (.int52)

UNMI       0    0000fffa    00000002     
                  0000fffa    00000002     sysbios.ae430X : BIOS.obj (.int53)

SYSNMI     0    0000fffc    00000002     
                  0000fffc    00000002     sysbios.ae430X : BIOS.obj (.int54)

.reset     0    0000fffe    00000002     
                  0000fffe    00000002     boot.ae430X : boot.oe430X (.reset)

xdc.meta   0    00000000    000000f2     COPY SECTION
                  00000000    000000f2     empty_min_pe430X.oe430X (xdc.meta)

xdc.noload 
*          0    00000000    00000000     COPY SECTION

.text      0    00010000    000040ca     
                  00010000    000001c8     ti.targets.msp430.rts430.ae430X : Core-mem.oe430X (.text:xdc_runtime_Core_createObject__I)
                  000101c8    0000019a     sysbios.ae430X : BIOS.obj (.text:ti_sysbios_knl_Event_pend__E)
                  00010362    00000190                    : BIOS.obj (.text:ti_sysbios_knl_Semaphore_pend__E)
                  000104f2    0000016c     ti.targets.msp430.rts430.ae430X : Core-smem.oe430X (.text:xdc_runtime_Core_constructObject__I)
                  0001065e    0000013a     sysbios.ae430X : BIOS.obj (.text:ti_sysbios_heaps_HeapMem_alloc__E)
                  00010798    0000012e                    : BIOS.obj (.text:ti_sysbios_knl_Task_checkStacks__E)
                  000108c6    00000126     hal_LCD.obj (.text:ClearLCD)
                  000109ec    00000102     hal_LCD.obj (.text:ClearDIGIT)
                  00010aee    00000100     sysbios.ae430X : BIOS.obj (.text:ti_sysbios_knl_Swi_restoreHwi__E)
                  00010bee    000000ea     hal_LCD.obj (.text:DisplayText)
                  00010cd8    000000e2     sysbios.ae430X : BIOS.obj (.text:ti_sysbios_knl_Task_sleep__E)
                  00010dba    000000de     hal_LCD.obj (.text:DisplayScrollText)
                  00010e98    000000dc     sysbios.ae430X : BIOS.obj (.text:ti_sysbios_knl_Swi_runLoop__I)
                  00010f74    000000ce     rtc.obj (.text:rtc_display)
                  00011042    000000cc     sysbios.ae430X : BIOS.obj (.text:ti_sysbios_knl_Task_startCore__E)
                  0001110e    000000c6                    : BIOS.obj (.text:ti_sysbios_heaps_HeapMem_free__E)
                  000111d4    000000c0     adc.obj (.text:ADC_Display)
                  00011294    000000c0     ti.targets.msp430.rts430.ae430X : Startup.oe430X (.text:xdc_runtime_Startup_startMods__I)
                  00011354    000000b8     sysbios.ae430X : BIOS.obj (.text:ti_sysbios_knl_Task_schedule__I)
                  0001140c    000000b4                    : BIOS.obj (.text:ti_sysbios_knl_Swi_schedule__I)
                  000114c0    000000b0                    : BIOS.obj (.text:ti_sysbios_knl_Swi_run__I)
                  00011570    000000ae     adc.obj (.text:Init_ADC)
                  0001161e    000000a6     hal_LCD.obj (.text:Init_LCD)
                  000116c4    000000a4     sysbios.ae430X : BIOS.obj (.text:ti_sysbios_knl_Task_postInit__I)
                  00011768    0000009c     hal_LCD.obj (.text:ShowChar)
                  00011804    0000009a     sysbios.ae430X : BIOS.obj (.text:ti_sysbios_knl_Clock_workFunc__E)
                  0001189e    00000098     MSP430FR6989.lib : rtc_c.obj (.text:RTC_C_getCalendarTime)
                  00011936    00000098     sysbios.ae430X : BIOS.obj (.text:ti_sysbios_heaps_HeapMem_Instance_init__E)
                  000119ce    00000098                    : BIOS.obj (.text:ti_sysbios_knl_Event_post__E)
                  00011a66    00000094                    : BIOS.obj (.text:ti_sysbios_knl_Mailbox_post__E)
                  00011afa    00000092                    : BIOS.obj (.text:ti_sysbios_knl_Semaphore_post__E)
                  00011b8c    0000008e                    : BIOS.obj (.text:ti_sysbios_family_msp430_Hwi_Module_startup__E)
                  00011c1a    00000088     MSP430FR6989.lib : adc12_b.obj (.text:ADC12_B_init)
                  00011ca2    00000086                      : lcd_c.obj (.text:LCD_C_setPinAsLCDFunctionEx)
                  00011d28    00000086     sysbios.ae430X : BIOS.obj (.text:ti_sysbios_knl_Mailbox_pend__E)
                  00011dae    00000084                    : BIOS.obj (.text:ti_sysbios_knl_Semaphore_Instance_init__E)
                  00011e32    00000082                    : BIOS.obj (.text:ti_sysbios_heaps_HeapMem_getStats__E)
                  00011eb4    00000080     ti.targets.msp430.rts430.ae430X : Memory.oe430X (.text:xdc_runtime_Memory_alloc__E)
                  00011f34    00000078     adc.obj (.text:IRQ_Adc)
                  00011fac    00000078     MSP430FR6989.lib : rtc_c.obj (.text:RTC_C_initCalendar)
                  00012024    00000078     sysbios.ae430X : msp430_TaskSupport_asm.obj (.text:_ti_sysbios_family_msp430_TaskSupport_buildTaskStack)
                  0001209c    00000076     rts430x_lc_rd_eabi.lib : copy_decompress_lzss.obj (.text:decompress:lzss:__TI_decompress_lzss)
                  00012112    00000076     ti.targets.msp430.rts430.ae430X : Core-mem.oe430X (.text:xdc_runtime_Core_deleteObject__I)
                  00012188    00000074     sysbios.ae430X : BIOS.obj (.text:ti_sysbios_family_msp430_Hwi_postInit__I)
                  000121fc    00000072                    : BIOS.obj (.text:ti_sysbios_family_msp430_Timer_periodicStub__E)
                  0001226e    00000072                    : BIOS.obj (.text:ti_sysbios_heaps_HeapMem_init__I)
                  000122e0    00000070     boot.ae430X : autoinit_wdt.oe430X (.text:_auto_init_hold_wdt)
                  00012350    00000068     hal_LCD.obj (.text:LCDstrupr)
                  000123b8    00000068     sysbios.ae430X : BIOS.obj (.text:ti_sysbios_knl_Swi_post__E)
                  00012420    00000068     ti.targets.msp430.rts430.ae430X : Assert.oe430X (.text:xdc_runtime_Assert_raise__I)
                  00012488    00000062     rtc.obj (.text:rtc_init)
                  000124ea    00000062     sysbios.ae430X : BIOS.obj (.text:ti_sysbios_knl_Task_Module_startup__E)
                  0001254c    0000005e     main.obj (.text:Tache1)
                  000125aa    0000005e     main.obj (.text:gpio_init)
                  00012608    0000005e     sysbios.ae430X : BIOS.obj (.text:ti_sysbios_family_msp430_Timer_setNextTick__E)
                  00012666    0000005c                    : BIOS.obj (.text:ti_sysbios_family_msp430_TaskSupport_start__E)
                  000126c2    00000058     rts430x_lc_rd_eabi.lib : div32u.obj (.text)
                  0001271a    00000056     sysbios.ae430X : BIOS.obj (.text:ti_sysbios_knl_Task_blockI__E)
                  00012770    00000054                    : BIOS.obj (.text:ti_sysbios_family_msp430_Hwi_getStackInfo__E)
                  000127c4    00000054                    : BIOS.obj (.text:ti_sysbios_family_msp430_Timer_start__E)
                  00012818    00000054                    : BIOS.obj (.text:ti_sysbios_knl_Task_processVitalTaskFlag__I)
                  0001286c    00000054                    : BIOS.obj (.text:ti_sysbios_knl_Task_unblockI__E)
                  000128c0    00000052     main.obj (.text:Event_Button2)
                  00012912    00000052     sysbios.ae430X : BIOS.obj (.text:ti_sysbios_knl_Mailbox_Module_startup__E)
                  00012964    00000052                    : BIOS.obj (.text:ti_sysbios_knl_Swi_restore__E)
                  000129b6    00000052     ti.targets.msp430.rts430.ae430X : Startup.oe430X (.text:xdc_runtime_Startup_exec__E)
                  00012a08    00000050     sysbios.ae430X : BIOS.obj (.text:ti_sysbios_family_msp430_Timer_initDevice__I)
                  00012a58    0000004e     main.obj (.text:Event_Button)
                  00012aa6    0000004e     MSP430FR6989.lib : gpio.obj (.text:GPIO_setAsInputPinWithPullUpResistor)
                  00012af4    0000004e     sysbios.ae430X : BIOS.obj (.text:ti_sysbios_knl_Task_exit__E)
                  00012b42    0000004e     ti.targets.msp430.rts430.ae430X : Core-params.oe430X (.text:xdc_runtime_Core_assignParams__I)
                  00012b90    0000004a     sysbios.ae430X : BIOS.obj (.text:ti_sysbios_family_msp430_Timer_startup__E)
                  00012bda    0000004a                    : BIOS.obj (.text:ti_sysbios_knl_Task_allBlockedFunction__I)
                  00012c24    00000048                    : BIOS.obj (.text:ti_sysbios_hal_Hwi_checkStack)
                  00012c6c    00000048                    : BIOS.obj (.text:ti_sysbios_knl_Event_pendTimeout__I)
                  00012cb4    00000048                    : BIOS.obj (.text:ti_sysbios_knl_Semaphore_pendTimeout__I)
                  00012cfc    00000046                    : BIOS.obj (.text:ti_sysbios_family_msp430_Timer_Module_startup__E)
                  00012d42    00000042                    : BIOS.obj (.text:ti_sysbios_family_msp430_Timer_getCount__E)
                  00012d84    00000042     empty_min_pe430X.oe430X (.text:ti_sysbios_gates_GateHwi_Object__create__S)
                  00012dc6    00000042     empty_min_pe430X.oe430X (.text:ti_sysbios_gates_GateMutex_Object__create__S)
                  00012e08    00000042     empty_min_pe430X.oe430X (.text:ti_sysbios_heaps_HeapMem_Object__create__S)
                  00012e4a    00000040     rts430x_lc_rd_eabi.lib : div32s.obj (.text)
                  00012e8a    0000003e     main.obj (.text:Event_Mail)
                  00012ec8    0000003e     sysbios.ae430X : BIOS.obj (.text:ti_sysbios_knl_Clock_addI__E)
                  00012f06    0000003e     empty_min_pe430X.oe430X (.text:ti_sysbios_knl_Semaphore_construct)
                  00012f44    0000003e     ti.targets.msp430.rts430.ae430X : System.oe430X (.text:xdc_runtime_System_atexit__E)
                  00012f82    0000003c     MSP430FR6989.lib : rtc_c.obj (.text:RTC_C_clearInterrupt)
                  00012fbe    0000003c                      : rtc_c.obj (.text:RTC_C_enableInterrupt)
                  00012ffa    0000003c     empty_min_pe430X.oe430X (.text:ti_sysbios_family_msp430_Hwi_Object__get__S)
                  00013036    0000003c     sysbios.ae430X : BIOS.obj (.text:ti_sysbios_hal_Hwi_initStack)
                  00013072    0000003c     empty_min_pe430X.oe430X (.text:ti_sysbios_heaps_HeapMem_Object__get__S)
                  000130ae    0000003c     empty_min_pe430X.oe430X (.text:ti_sysbios_knl_Mailbox_Object__get__S)
                  000130ea    0000003c     empty_min_pe430X.oe430X (.text:ti_sysbios_knl_Swi_Object__get__S)
                  00013126    0000003c     empty_min_pe430X.oe430X (.text:ti_sysbios_knl_Task_Object__get__S)
                  00013162    0000003c     ti.targets.msp430.rts430.ae430X : System.oe430X (.text:xdc_runtime_System_processAtExit__E)
                  0001319e    0000003a     sysbios.ae430X : BIOS.obj (.text:ti_sysbios_family_msp430_Hwi28_p2)
                  000131d8    0000003a                    : BIOS.obj (.text:ti_sysbios_family_msp430_Hwi37_p2)
                  00013212    0000003a                    : BIOS.obj (.text:ti_sysbios_family_msp430_Hwi45_p2)
                  0001324c    0000003a     empty_min_pe430X.oe430X (.text:ti_sysbios_knl_Queue_construct)
                  00013286    00000038     MSP430FR6989.lib : gpio.obj (.text:GPIO_setAsOutputPin)
                  000132be    00000038                      : rtc_c.obj (.text:RTC_C_getInterruptStatus)
                  000132f6    00000038     sysbios.ae430X : BIOS.obj (.text:ti_sysbios_family_msp430_Hwi44_p2)
                  0001332e    00000036     MSP430FR6989.lib : adc12_b.obj (.text:ADC12_B_configureMemory)
                  00013364    00000036     sysbios.ae430X : BIOS.obj (.text:ti_sysbios_gates_GateMutex_enter__E)
                  0001339a    00000036     ti.targets.msp430.rts430.ae430X : Error.oe430X (.text:xdc_runtime_Error_raiseX__E)
                  000133d0    00000034     sysbios.ae430X : BIOS.obj (.text:ti_sysbios_knl_Mailbox_postInit__I)
                  00013404    00000032                    : BIOS.obj (.text:ti_sysbios_family_msp430_Timer_postInit__I)
                  00013436    00000032                    : BIOS.obj (.text:ti_sysbios_family_msp430_Timer_stop__E)
                  00013468    00000032                    : msp430_Hwi_switch_asm.obj (.text:ti_sysbios_family_xxx_Hwi_switchAndRunFunc)
                  0001349a    00000032     ti.targets.msp430.rts430.ae430X : Core-label.oe430X (.text:xdc_runtime_Core_assignLabel__I)
                  000134cc    00000030     MSP430FR6989.lib : adc12_b.obj (.text:ADC12_B_startConversion)
                  000134fc    00000030                      : lcd_c.obj (.text:LCD_C_init)
                  0001352c    00000030                      : lcd_c.obj (.text:setLCDFunction)
                  0001355c    00000030     sysbios.ae430X : BIOS.obj (.text:ti_sysbios_knl_Queue_put__E)
                  0001358c    00000030                    : BIOS.obj (.text:ti_sysbios_knl_Task_restore__E)
                  000135bc    0000002e     MSP430FR6989.lib : gpio.obj (.text:GPIO_selectInterruptEdge)
                  000135ea    0000002e                      : lcd_c.obj (.text:LCD_C_setVLCDSource)
                  00013618    0000002e     main.obj (.text:main)
                  00013646    0000002c     main.obj (.text:Event_Adc)
                  00013672    0000002c     MSPMPU_INIT_LIB_CCS_msp430_large_code_restricted_data.lib : mpu_init.o (.text:__mpu_init)
                  0001369e    0000002c     rtc.obj (.text:rtc_irq)
                  000136ca    0000002c     rts430x_lc_rd_eabi.lib : div16s.obj (.text)
                  000136f6    0000002c     empty_min_pe430X.oe430X (.text:ti_sysbios_knl_Clock_doTick__I)
                  00013722    0000002a     empty_min_pe430X.oe430X (.text:ti_sysbios_BIOS_atExitFunc__I)
                  0001374c    0000002a     sysbios.ae430X : BIOS.obj (.text:ti_sysbios_knl_Clock_Module_startup__E)
                  00013776    0000002a                    : BIOS.obj (.text:ti_sysbios_knl_Task_sleepTimeout__I)
                  000137a0    00000028     adc.obj (.text:Init_AdcRef)
                  000137c8    00000028     empty_min_pe430X.oe430X (.text:ti_sysbios_BIOS_startFunc__I)
                  000137f0    00000028     sysbios.ae430X : BIOS.obj (.text:ti_sysbios_knl_Queue_get__E)
                  00013818    00000028     ti.targets.msp430.rts430.ae430X : Text.oe430X (.text:xdc_runtime_Text_cordText__E)
                  00013840    00000026     empty_min_pe430X.oe430X (.text:ti_sysbios_gates_GateMutex_Object__delete__S)
                  00013866    00000026     sysbios.ae430X : BIOS.obj (.text:ti_sysbios_knl_Swi_Module_startup__E)
                  0001388c    00000024     MSP430FR6989.lib : adc12_b.obj (.text:ADC12_B_enableInterrupt)
                  000138b0    00000024     rts430x_lc_rd_eabi.lib : copy_zero_init.obj (.text:decompress:ZI:__TI_zero_init)
                  000138d4    00000024                            : mult32_f5hw.obj (.text)
                  000138f8    00000024     empty_min_pe430X.oe430X (.text:ti_sysbios_BIOS_rtsLock__I)
                  0001391c    00000024     empty_min_pe430X.oe430X (.text:ti_sysbios_gates_GateHwi_Object__delete__S)
                  00013940    00000024     empty_min_pe430X.oe430X (.text:ti_sysbios_heaps_HeapMem_Object__delete__S)
                  00013964    00000024     sysbios.ae430X : BIOS.obj (.text:ti_sysbios_knl_Semaphore_Instance_finalize__E)
                  00013988    00000022     MSP430FR6989.lib : gpio.obj (.text:GPIO_getInterruptStatus)
                  000139aa    00000022     sysbios.ae430X : BIOS.obj (.text:ti_sysbios_knl_Clock_startI__E)
                  000139cc    00000022                    : BIOS.obj (.text:ti_sysbios_knl_Idle_run__E)
                  000139ee    00000022                    : BIOS.obj (.text:ti_sysbios_knl_Task_restoreHwi__E)
                  00013a10    00000022     ti.targets.msp430.rts430.ae430X : Memory.oe430X (.text:xdc_runtime_Memory_valloc__E)
                  00013a32    00000020     MSP430FR6989.lib : adc12_b.obj (.text:ADC12_B_setupSamplingTimer)
                  00013a52    00000020     ti.targets.msp430.rts430.ae430X : Error.oe430X (.text:xdc_runtime_Error_check__E)
                  00013a72    0000001e     MSP430FR6989.lib : gpio.obj (.text:GPIO_clearInterrupt)
                  00013a90    0000001e                      : gpio.obj (.text:GPIO_enableInterrupt)
                  00013aae    0000001e     empty_min_pe430X.oe430X (.text:ti_sysbios_BIOS_rtsUnlock__I)
                  00013acc    0000001e     empty_min_pe430X.oe430X (.text:ti_sysbios_gates_GateHwi_Handle__label__S)
                  00013aea    0000001e     empty_min_pe430X.oe430X (.text:ti_sysbios_gates_GateMutex_Handle__label__S)
                  00013b08    0000001e     sysbios.ae430X : BIOS.obj (.text:ti_sysbios_gates_GateMutex_Instance_init__E)
                  00013b26    0000001e                    : BIOS.obj (.text:ti_sysbios_gates_GateMutex_leave__E)
                  00013b44    0000001e     empty_min_pe430X.oe430X (.text:ti_sysbios_heaps_HeapMem_Handle__label__S)
                  00013b62    0000001e     sysbios.ae430X : BIOS.obj (.text:ti_sysbios_knl_Task_enter__I)
                  00013b80    0000001c     ti.catalog.msp430.init.ae430X : Boot.oe430X (.text:.bootCodeSection:ti_catalog_msp430_init_Boot_configureDCO_CS_A)
                  00013b9c    0000001c     MSP430FR6989.lib : gpio.obj (.text:GPIO_setOutputHighOnPin)
                  00013bb8    0000001c                      : gpio.obj (.text:GPIO_setOutputLowOnPin)
                  00013bd4    0000001c                      : gpio.obj (.text:GPIO_toggleOutputOnPin)
                  00013bf0    0000001c                      : lcd_c.obj (.text:LCD_C_configChargePump)
                  00013c0c    0000001c                      : rtc_c.obj (.text:RTC_C_startClock)
                  00013c28    0000001c     sysbios.ae430X : msp430_TaskSupport_asm.obj (.text:_ti_sysbios_family_msp430_TaskSupport_swap__E)
                  00013c44    0000001c     empty_min_pe430X.oe430X (.text:ti_sysbios_family_msp430_Hwi_Module__startupDone__F)
                  00013c60    0000001c     empty_min_pe430X.oe430X (.text:ti_sysbios_family_msp430_Timer_Module__startupDone__F)
                  00013c7c    0000001c     sysbios.ae430X : BIOS.obj (.text:ti_sysbios_knl_Task_unblock__E)
                  00013c98    0000001a     main.obj (.text:Tache0)
                  00013cb2    0000001a     MSP430FR6989.lib : wdt_a.obj (.text:WDT_A_hold)
                  00013ccc    0000001a     empty_min_pe430X.oe430X (.text:ti_sysbios_BIOS_exitFunc__I)
                  00013ce6    0000001a     empty_min_pe430X.oe430X (.text:ti_sysbios_BIOS_registerRTSLock__I)
                  00013d00    0000001a     empty_min_pe430X.oe430X (.text:ti_sysbios_BIOS_removeRTSLock__I)
                  00013d1a    0000001a     sysbios.ae430X : BIOS.obj (.text:ti_sysbios_knl_Event_checkEvents__I)
                  00013d34    0000001a     empty_min_pe430X.oe430X (.text:ti_sysbios_knl_Semaphore_Object__destruct__S)
                  00013d4e    00000018     rts430x_lc_rd_eabi.lib : mult16_f5hw.obj (.text)
                  00013d66    00000018     sysbios.ae430X : BIOS.obj (.text:ti_sysbios_BIOS_setThreadType__E)
                  00013d7e    00000018     empty_min_pe430X.oe430X (.text:ti_sysbios_knl_Queue_Object__destruct__S)
                  00013d96    00000016     rts430x_lc_rd_eabi.lib : memset.obj (.text:memset)
                  00013dac    00000016                            : div16u.obj (.text)
                  00013dc2    00000016     ti.targets.msp430.rts430.ae430X : System.oe430X (.text:xdc_runtime_System_abort__E)
                  00013dd8    00000014     MSP430FR6989.lib : adc12_b.obj (.text:ADC12_B_clearInterrupt)
                  00013dec    00000014                      : lcd_c.obj (.text:LCD_C_selectChargePumpReference)
                  00013e00    00000014                      : lcd_c.obj (.text:LCD_C_setVLCDVoltage)
                  00013e14    00000014     rts430x_lc_rd_eabi.lib : memcpy.obj (.text:memcpy)
                  00013e28    00000014     empty_min_pe430X.oe430X (.text:ti_sysbios_knl_Queue_Object__get__S)
                  00013e3c    00000014     ti.targets.msp430.rts430.ae430X : Memory.oe430X (.text:xdc_runtime_Memory_calloc__E)
                  00013e50    00000014                                     : Text.oe430X (.text:xdc_runtime_Text_ropeText__E)
                  00013e64    00000012     MSP430FR6989.lib : adc12_b.obj (.text:ADC12_B_getInterruptStatus)
                  00013e76    00000012     rts430x_lc_rd_eabi.lib : copy_decompress_none.obj (.text:decompress:none:__TI_decompress_none)
                  00013e88    00000012     sysbios.ae430X : BIOS.obj (.text:ti_sysbios_gates_GateHwi_leave__E)
                  00013e9a    00000012     empty_min_pe430X.oe430X (.text:xdc_runtime_Startup_exec__I)
                  00013eac    00000012     ti.targets.msp430.rts430.ae430X : System.oe430X (.text:xdc_runtime_System_exit__E)
                  00013ebe    00000010     MSP430FR6989.lib : ref_a.obj (.text:Ref_A_isVariableReferenceVoltageOutputReady)
                  00013ece    00000010     sysbios.ae430X : msp430_TaskSupport_asm.obj (.text:_ti_sysbios_family_msp430_TaskSupport_glue)
                  00013ede    00000010                    : BIOS.obj (.text:ti_sysbios_family_msp430_TaskSupport_checkStack__E)
                  00013eee    00000010                    : BIOS.obj (.text:ti_sysbios_hal_Hwi_Module_startup__E)
                  00013efe    00000010                    : BIOS.obj (.text:ti_sysbios_knl_Event_sync__E)
                  00013f0e    0000000e     MSP430FR6989.lib : adc12_b.obj (.text:ADC12_B_enable)
                  00013f1c    0000000e                      : lcd_c.obj (.text:LCD_C_enableChargePump)
                  00013f2a    0000000e                      : ref_a.obj (.text:Ref_A_setReferenceVoltage)
                  00013f38    0000000e     adc.obj (.text:Start_Conv)
                  00013f46    0000000e     rts430x_lc_rd_eabi.lib : strlen.obj (.text:strlen)
                  00013f54    0000000e     sysbios.ae430X : BIOS.obj (.text:ti_sysbios_family_msp430_Timer_getMaxTicks__E)
                  00013f62    0000000e                    : BIOS.obj (.text:ti_sysbios_gates_GateMutex_Instance_finalize__E)
                  00013f70    0000000e                    : BIOS.obj (.text:ti_sysbios_knl_Queue_empty__E)
                  00013f7e    0000000e                    : BIOS.obj (.text:ti_sysbios_knl_Swi_disable__E)
                  00013f8c    0000000e                    : BIOS.obj (.text:ti_sysbios_knl_Task_disable__E)
                  00013f9a    0000000c     empty_min_pe430X.oe430X (.text:.bootCodeSection:ti_catalog_msp430_init_Boot_init)
                  00013fa6    0000000c     MSP430FR6989.lib : lcd_c.obj (.text:LCD_C_clearMemory)
                  00013fb2    0000000c     ti.targets.msp430.rts430.ae430X : Gate.oe430X (.text:xdc_runtime_Gate_leaveSystem__E)
                  00013fbe    0000000c                                     : Memory.oe430X (.text:xdc_runtime_Memory_free__E)
                  00013fca    0000000c                                     : Startup.oe430X (.text:xdc_runtime_Startup_rtsDone__E)
                  00013fd6    0000000a     rts430x_lc_rd_eabi.lib : lsl16.obj (.text)
                  00013fe0    0000000a                            : lsr16.obj (.text)
                  00013fea    0000000a     sysbios.ae430X : BIOS.obj (.text:ti_sysbios_BIOS_start__E)
                  00013ff4    0000000a                    : BIOS.obj (.text:ti_sysbios_family_msp430_Hwi_startup__E)
                  00013ffe    0000000a                    : BIOS.obj (.text:ti_sysbios_gates_GateHwi_enter__E)
                  00014008    0000000a                    : BIOS.obj (.text:ti_sysbios_knl_Queue_Instance_init__E)
                  00014012    00000008     ti.catalog.msp430.init.ae430X : Boot.oe430X (.text:.bootCodeSection:ti_catalog_msp430_init_Boot_disableWatchdog)
                  0001401a    00000008     sysbios.ae430X : BIOS.obj (.text:ti_sysbios_family_msp430_Hwi_switchFromBootStack__E)
                  00014022    00000008     ti.targets.msp430.rts430.ae430X : Gate.oe430X (.text:xdc_runtime_Gate_enterSystem__E)
                  0001402a    00000008     empty_min_pe430X.oe430X (.text:xdc_runtime_IHeap_alloc)
                  00014032    00000008     empty_min_pe430X.oe430X (.text:xdc_runtime_IHeap_free)
                  0001403a    00000008     ti.targets.msp430.rts430.ae430X : Memory.oe430X (.text:xdc_runtime_Memory_getMaxDefaultTypeAlign__E)
                  00014042    00000006     MSP430FR6989.lib : lcd_c.obj (.text:LCD_C_on)
                  00014048    00000006                      : ref_a.obj (.text:Ref_A_enableReferenceVoltage)
                  0001404e    00000006                      : ref_a.obj (.text:Ref_A_enableTempSensor)
                  00014054    00000006     rts430x_lc_rd_eabi.lib : _lock.obj (.text:_register_lock)
                  0001405a    00000006                            : _lock.obj (.text:_register_unlock)
                  00014060    00000006     sysbios.ae430X : BIOS.obj (.text:ti_sysbios_heaps_HeapMem_isBlocking__E)
                  00014066    00000006                    : BIOS.obj (.text:ti_sysbios_knl_Idle_loop__E)
                  0001406c    00000006                    : BIOS.obj (.text:ti_sysbios_knl_Swi_startup__E)
                  00014072    00000004     boot.ae430X : pre_init.oe430X (.text:_system_pre_init)
                  00014076    00000004     empty_min_pe430X.oe430X (.text:ti_sysbios_BIOS_RtsGateProxy_enter__E)
                  0001407a    00000004     empty_min_pe430X.oe430X (.text:ti_sysbios_BIOS_RtsGateProxy_leave__E)
                  0001407e    00000004     empty_min_pe430X.oe430X (.text:ti_sysbios_family_msp430_TaskSupport_Module__startupDone__S)
                  00014082    00000004     sysbios.ae430X : BIOS.obj (.text:ti_sysbios_gates_GateHwi_query__E)
                  00014086    00000004                    : BIOS.obj (.text:ti_sysbios_gates_GateMutex_query__E)
                  0001408a    00000004     empty_min_pe430X.oe430X (.text:ti_sysbios_heaps_HeapMem_Module_GateProxy_enter__E)
                  0001408e    00000004     empty_min_pe430X.oe430X (.text:ti_sysbios_heaps_HeapMem_Module_GateProxy_leave__E)
                  00014092    00000004     empty_min_pe430X.oe430X (.text:ti_sysbios_knl_Clock_TimerProxy_getMaxTicks__E)
                  00014096    00000004     empty_min_pe430X.oe430X (.text:ti_sysbios_knl_Queue_destruct)
                  0001409a    00000004     empty_min_pe430X.oe430X (.text:ti_sysbios_knl_Semaphore_destruct)
                  0001409e    00000004     sysbios.ae430X : BIOS.obj (.text:ti_sysbios_knl_Task_startup__E)
                  000140a2    00000004     ti.targets.msp430.rts430.ae430X : SysCallback.oe430X (.text:xdc_runtime_SysCallback_abort__E)
                  000140a6    00000004                                     : SysCallback.oe430X (.text:xdc_runtime_SysCallback_exit__E)
                  000140aa    00000004     empty_min_pe430X.oe430X (.text:xdc_runtime_System_Module_GateProxy_enter__E)
                  000140ae    00000004     empty_min_pe430X.oe430X (.text:xdc_runtime_System_Module_GateProxy_leave__E)
                  000140b2    00000004     ti.targets.msp430.rts430.ae430X : System.oe430X (.text:xdc_runtime_System_Module_startup__E)
                  000140b6    00000002     rts430x_lc_rd_eabi.lib : _lock.obj (.text:_nop)
                  000140b8    00000002     sysbios.ae430X : BIOS.obj (.text:ti_sysbios_BIOS_linkedWithIncorrectBootLibrary__E)
                  000140ba    00000002     empty_min_pe430X.oe430X (.text:ti_sysbios_BIOS_nullFunc__I)
                  000140bc    00000002     sysbios.ae430X : BIOS.obj (.text:ti_sysbios_gates_GateHwi_Instance_init__E)
                  000140be    00000002                    : BIOS.obj (.text:ti_sysbios_knl_Clock_logTick__E)
                  000140c0    00000002     ti.targets.msp430.rts430.ae430X : Error.oe430X (.text:xdc_runtime_Error_policySpin__E)
                  000140c2    00000002                                     : SysCallback.oe430X (.text:xdc_runtime_SysCallback_defaultAbort)
                  000140c4    00000002                                     : SysCallback.oe430X (.text:xdc_runtime_SysCallback_defaultExit)
                  000140c6    00000002                                     : System.oe430X (.text:xdc_runtime_System_abortSpin__E)
                  000140c8    00000002                                     : System.oe430X (.text:xdc_runtime_System_exitSpin__E)

MODULE SUMMARY

       Module                       code    ro data   rw data
       ------                       ----    -------   -------
    .\
       hal_LCD.obj                  1434    90        70     
       main.obj                     526     60        8      
       adc.obj                      540     20        12     
       rtc.obj                      348     0         0      
    +--+----------------------------+-------+---------+---------+
       Total:                       2848    170       90     
                                                             
    C:\Users\l.heywang\Desktop\work\TP_RTOS2\Debug\configPkg\package\cfg\
       empty_min_pe430X.oe430X      1302    733       4622   
    +--+----------------------------+-------+---------+---------+
       Total:                       1302    733       4622   
                                                             
    C:/ti/tirtos_msp43x_2_20_00_06/products/msp430_driverlib_2_70_01_01a/driverlib/MSP430FR5xx_6xx/ccs/MSP430FR6989.lib
       rtc_c.obj                    476     0         0      
       gpio.obj                     358     28        0      
       lcd_c.obj                    376     0         0      
       adc12_b.obj                  358     0         0      
       ref_a.obj                    42      0         0      
       wdt_a.obj                    26      0         0      
    +--+----------------------------+-------+---------+---------+
       Total:                       1636    28        0      
                                                             
    C:\Users\l.heywang\Desktop\work\TP_RTOS2\src\sysbios\sysbios.ae430X
       BIOS.obj                     8018    88        0      
       msp430_TaskSupport_asm.obj   164     0         0      
       msp430_Hwi_switch_asm.obj    50      0         0      
    +--+----------------------------+-------+---------+---------+
       Total:                       8232    88        0      
                                                             
    C:\ti\ccs1271\ccs\ccs_base\msp430\lib\FR59xx\MSPMPU_INIT_LIB_CCS_msp430_large_code_restricted_data.lib
       mpu_init.o                   44      0         0      
    +--+----------------------------+-------+---------+---------+
       Total:                       44      0         0      
                                                             
    C:\ti\ccs1271\ccs\tools\compiler\ti-cgt-msp430_16.9.11.LTS\lib\rts430x_lc_rd_eabi.lib
       copy_decompress_lzss.obj     118     0         0      
       div32u.obj                   88      0         0      
       div32s.obj                   64      0         0      
       div16s.obj                   44      0         0      
       copy_zero_init.obj           36      0         0      
       mult32_f5hw.obj              36      0         0      
       mult16_f5hw.obj              24      0         0      
       _lock.obj                    14      0         8      
       div16u.obj                   22      0         0      
       memset.obj                   22      0         0      
       memcpy.obj                   20      0         0      
       copy_decompress_none.obj     18      0         0      
       strlen.obj                   14      0         0      
       lsl16.obj                    10      0         0      
       lsr16.obj                    10      0         0      
    +--+----------------------------+-------+---------+---------+
       Total:                       540     0         8      
                                                             
    C:\ti\tirtos_msp43x_2_20_00_06\products\bios_6_46_00_23\packages\ti\catalog\msp430\init\lib\ti.catalog.msp430.init.ae430X
       Boot.oe430X                  36      0         0      
    +--+----------------------------+-------+---------+---------+
       Total:                       36      0         0      
                                                             
    C:\ti\tirtos_msp43x_2_20_00_06\products\bios_6_46_00_23\packages\ti\targets\msp430\rts430\lib\boot.ae430X
       autoinit_wdt.oe430X          112     0         0      
       boot_special.oe430X          42      0         0      
       pre_init.oe430X              4       0         0      
       boot.oe430X                  0       2         0      
    +--+----------------------------+-------+---------+---------+
       Total:                       158     2         0      
                                                             
    C:\ti\tirtos_msp43x_2_20_00_06\products\bios_6_46_00_23\packages\ti\targets\msp430\rts430\lib\ti.targets.msp430.rts430.ae430X
       Core-mem.oe430X              574     0         0      
       Core-smem.oe430X             364     0         0      
       Startup.oe430X               286     42        0      
       Memory.oe430X                202     0         0      
       System.oe430X                170     0         0      
       Assert.oe430X                104     6         0      
       Error.oe430X                 88      0         0      
       Core-params.oe430X           78      0         0      
       Text.oe430X                  60      0         0      
       Core-label.oe430X            50      0         0      
       Gate.oe430X                  20      0         0      
       SysCallback.oe430X           12      0         0      
    +--+----------------------------+-------+---------+---------+
       Total:                       2008    48        0      
                                                             
       Stack:                       0       0         768    
       Linker Generated:            0       542       0      
    +--+----------------------------+-------+---------+---------+
       Grand Total:                 16804   1611      5488   


LINKER GENERATED COPY TABLES

__TI_cinit_table @ 00005edc records: 2, size/record: 8, table size: 16
	.data: load addr=00005cce, load size=000001fc bytes, run addr=000051bc, run size=000004b4 bytes, compression=lzss
	.bss: load addr=00005ed6, load size=00000006 bytes, run addr=00004400, run size=00000dbc bytes, compression=zero_init


LINKER GENERATED HANDLER TABLE

__TI_handler_table @ 00005eca records: 3, size/record: 4, table size: 12
	index: 0, handler: __TI_zero_init
	index: 1, handler: __TI_decompress_lzss
	index: 2, handler: __TI_decompress_none


GLOBAL SYMBOLS: SORTED ALPHABETICALLY BY Name 

address   name                                                       
-------   ----                                                       
00000800  ADC12CTL0                                                  
00000801  ADC12CTL0_H                                                
00000800  ADC12CTL0_L                                                
00000802  ADC12CTL1                                                  
00000803  ADC12CTL1_H                                                
00000802  ADC12CTL1_L                                                
00000804  ADC12CTL2                                                  
00000805  ADC12CTL2_H                                                
00000804  ADC12CTL2_L                                                
00000806  ADC12CTL3                                                  
00000807  ADC12CTL3_H                                                
00000806  ADC12CTL3_L                                                
0000080a  ADC12HI                                                    
0000080b  ADC12HI_H                                                  
0000080a  ADC12HI_L                                                  
00000812  ADC12IER0                                                  
00000813  ADC12IER0_H                                                
00000812  ADC12IER0_L                                                
00000814  ADC12IER1                                                  
00000815  ADC12IER1_H                                                
00000814  ADC12IER1_L                                                
00000816  ADC12IER2                                                  
00000817  ADC12IER2_H                                                
00000816  ADC12IER2_L                                                
0000080c  ADC12IFGR0                                                 
0000080d  ADC12IFGR0_H                                               
0000080c  ADC12IFGR0_L                                               
0000080e  ADC12IFGR1                                                 
0000080f  ADC12IFGR1_H                                               
0000080e  ADC12IFGR1_L                                               
00000810  ADC12IFGR2                                                 
00000811  ADC12IFGR2_H                                               
00000810  ADC12IFGR2_L                                               
00000818  ADC12IV                                                    
00000819  ADC12IV_H                                                  
00000818  ADC12IV_L                                                  
00000808  ADC12LO                                                    
00000809  ADC12LO_H                                                  
00000808  ADC12LO_L                                                  
00000820  ADC12MCTL0                                                 
00000821  ADC12MCTL0_H                                               
00000820  ADC12MCTL0_L                                               
00000822  ADC12MCTL1                                                 
00000834  ADC12MCTL10                                                
00000835  ADC12MCTL10_H                                              
00000834  ADC12MCTL10_L                                              
00000836  ADC12MCTL11                                                
00000837  ADC12MCTL11_H                                              
00000836  ADC12MCTL11_L                                              
00000838  ADC12MCTL12                                                
00000839  ADC12MCTL12_H                                              
00000838  ADC12MCTL12_L                                              
0000083a  ADC12MCTL13                                                
0000083b  ADC12MCTL13_H                                              
0000083a  ADC12MCTL13_L                                              
0000083c  ADC12MCTL14                                                
0000083d  ADC12MCTL14_H                                              
0000083c  ADC12MCTL14_L                                              
0000083e  ADC12MCTL15                                                
0000083f  ADC12MCTL15_H                                              
0000083e  ADC12MCTL15_L                                              
00000840  ADC12MCTL16                                                
00000841  ADC12MCTL16_H                                              
00000840  ADC12MCTL16_L                                              
00000842  ADC12MCTL17                                                
00000843  ADC12MCTL17_H                                              
00000842  ADC12MCTL17_L                                              
00000844  ADC12MCTL18                                                
00000845  ADC12MCTL18_H                                              
00000844  ADC12MCTL18_L                                              
00000846  ADC12MCTL19                                                
00000847  ADC12MCTL19_H                                              
00000846  ADC12MCTL19_L                                              
00000823  ADC12MCTL1_H                                               
00000822  ADC12MCTL1_L                                               
00000824  ADC12MCTL2                                                 
00000848  ADC12MCTL20                                                
00000849  ADC12MCTL20_H                                              
00000848  ADC12MCTL20_L                                              
0000084a  ADC12MCTL21                                                
0000084b  ADC12MCTL21_H                                              
0000084a  ADC12MCTL21_L                                              
0000084c  ADC12MCTL22                                                
0000084d  ADC12MCTL22_H                                              
0000084c  ADC12MCTL22_L                                              
0000084e  ADC12MCTL23                                                
0000084f  ADC12MCTL23_H                                              
0000084e  ADC12MCTL23_L                                              
00000850  ADC12MCTL24                                                
00000851  ADC12MCTL24_H                                              
00000850  ADC12MCTL24_L                                              
00000852  ADC12MCTL25                                                
00000853  ADC12MCTL25_H                                              
00000852  ADC12MCTL25_L                                              
00000854  ADC12MCTL26                                                
00000855  ADC12MCTL26_H                                              
00000854  ADC12MCTL26_L                                              
00000856  ADC12MCTL27                                                
00000857  ADC12MCTL27_H                                              
00000856  ADC12MCTL27_L                                              
00000858  ADC12MCTL28                                                
00000859  ADC12MCTL28_H                                              
00000858  ADC12MCTL28_L                                              
0000085a  ADC12MCTL29                                                
0000085b  ADC12MCTL29_H                                              
0000085a  ADC12MCTL29_L                                              
00000825  ADC12MCTL2_H                                               
00000824  ADC12MCTL2_L                                               
00000826  ADC12MCTL3                                                 
0000085c  ADC12MCTL30                                                
0000085d  ADC12MCTL30_H                                              
0000085c  ADC12MCTL30_L                                              
0000085e  ADC12MCTL31                                                
0000085f  ADC12MCTL31_H                                              
0000085e  ADC12MCTL31_L                                              
00000827  ADC12MCTL3_H                                               
00000826  ADC12MCTL3_L                                               
00000828  ADC12MCTL4                                                 
00000829  ADC12MCTL4_H                                               
00000828  ADC12MCTL4_L                                               
0000082a  ADC12MCTL5                                                 
0000082b  ADC12MCTL5_H                                               
0000082a  ADC12MCTL5_L                                               
0000082c  ADC12MCTL6                                                 
0000082d  ADC12MCTL6_H                                               
0000082c  ADC12MCTL6_L                                               
0000082e  ADC12MCTL7                                                 
0000082f  ADC12MCTL7_H                                               
0000082e  ADC12MCTL7_L                                               
00000830  ADC12MCTL8                                                 
00000831  ADC12MCTL8_H                                               
00000830  ADC12MCTL8_L                                               
00000832  ADC12MCTL9                                                 
00000833  ADC12MCTL9_H                                               
00000832  ADC12MCTL9_L                                               
00000860  ADC12MEM0                                                  
00000861  ADC12MEM0_H                                                
00000860  ADC12MEM0_L                                                
00000862  ADC12MEM1                                                  
00000874  ADC12MEM10                                                 
00000875  ADC12MEM10_H                                               
00000874  ADC12MEM10_L                                               
00000876  ADC12MEM11                                                 
00000877  ADC12MEM11_H                                               
00000876  ADC12MEM11_L                                               
00000878  ADC12MEM12                                                 
00000879  ADC12MEM12_H                                               
00000878  ADC12MEM12_L                                               
0000087a  ADC12MEM13                                                 
0000087b  ADC12MEM13_H                                               
0000087a  ADC12MEM13_L                                               
0000087c  ADC12MEM14                                                 
0000087d  ADC12MEM14_H                                               
0000087c  ADC12MEM14_L                                               
0000087e  ADC12MEM15                                                 
0000087f  ADC12MEM15_H                                               
0000087e  ADC12MEM15_L                                               
00000880  ADC12MEM16                                                 
00000881  ADC12MEM16_H                                               
00000880  ADC12MEM16_L                                               
00000882  ADC12MEM17                                                 
00000883  ADC12MEM17_H                                               
00000882  ADC12MEM17_L                                               
00000884  ADC12MEM18                                                 
00000885  ADC12MEM18_H                                               
00000884  ADC12MEM18_L                                               
00000886  ADC12MEM19                                                 
00000887  ADC12MEM19_H                                               
00000886  ADC12MEM19_L                                               
00000863  ADC12MEM1_H                                                
00000862  ADC12MEM1_L                                                
00000864  ADC12MEM2                                                  
00000888  ADC12MEM20                                                 
00000889  ADC12MEM20_H                                               
00000888  ADC12MEM20_L                                               
0000088a  ADC12MEM21                                                 
0000088b  ADC12MEM21_H                                               
0000088a  ADC12MEM21_L                                               
0000088c  ADC12MEM22                                                 
0000088d  ADC12MEM22_H                                               
0000088c  ADC12MEM22_L                                               
0000088e  ADC12MEM23                                                 
0000088f  ADC12MEM23_H                                               
0000088e  ADC12MEM23_L                                               
00000890  ADC12MEM24                                                 
00000891  ADC12MEM24_H                                               
00000890  ADC12MEM24_L                                               
00000892  ADC12MEM25                                                 
00000893  ADC12MEM25_H                                               
00000892  ADC12MEM25_L                                               
00000894  ADC12MEM26                                                 
00000895  ADC12MEM26_H                                               
00000894  ADC12MEM26_L                                               
00000896  ADC12MEM27                                                 
00000897  ADC12MEM27_H                                               
00000896  ADC12MEM27_L                                               
00000898  ADC12MEM28                                                 
00000899  ADC12MEM28_H                                               
00000898  ADC12MEM28_L                                               
0000089a  ADC12MEM29                                                 
0000089b  ADC12MEM29_H                                               
0000089a  ADC12MEM29_L                                               
00000865  ADC12MEM2_H                                                
00000864  ADC12MEM2_L                                                
00000866  ADC12MEM3                                                  
0000089c  ADC12MEM30                                                 
0000089d  ADC12MEM30_H                                               
0000089c  ADC12MEM30_L                                               
0000089e  ADC12MEM31                                                 
0000089f  ADC12MEM31_H                                               
0000089e  ADC12MEM31_L                                               
00000867  ADC12MEM3_H                                                
00000866  ADC12MEM3_L                                                
00000868  ADC12MEM4                                                  
00000869  ADC12MEM4_H                                                
00000868  ADC12MEM4_L                                                
0000086a  ADC12MEM5                                                  
0000086b  ADC12MEM5_H                                                
0000086a  ADC12MEM5_L                                                
0000086c  ADC12MEM6                                                  
0000086d  ADC12MEM6_H                                                
0000086c  ADC12MEM6_L                                                
0000086e  ADC12MEM7                                                  
0000086f  ADC12MEM7_H                                                
0000086e  ADC12MEM7_L                                                
00000870  ADC12MEM8                                                  
00000871  ADC12MEM8_H                                                
00000870  ADC12MEM8_L                                                
00000872  ADC12MEM9                                                  
[...]
0001110e  ti_sysbios_heaps_HeapMem_free__E                           
000111d4  ADC_Display                                                
00011294  xdc_runtime_Startup_startMods__I                           
00011354  ti_sysbios_knl_Task_schedule__I                            
0001140c  ti_sysbios_knl_Swi_schedule__I                             
000114c0  ti_sysbios_knl_Swi_run__I                                  
00011570  Init_ADC                                                   
0001161e  Init_LCD                                                   
000116c4  ti_sysbios_knl_Task_postInit__I                            
00011768  ShowChar                                                   
00011804  ti_sysbios_knl_Clock_workFunc__E                           
0001189e  RTC_C_getCalendarTime                                      
00011936  ti_sysbios_heaps_HeapMem_Instance_init__E                  
000119ce  ti_sysbios_knl_Event_post__E                               
00011a66  ti_sysbios_knl_Mailbox_post__E                             
00011afa  ti_sysbios_knl_Semaphore_post__E                           
00011b8c  ti_sysbios_family_msp430_Hwi_Module_startup__E             
00011c1a  ADC12_B_init                                               
00011ca2  LCD_C_setPinAsLCDFunctionEx                                
00011d28  ti_sysbios_knl_Mailbox_pend__E                             
00011dae  ti_sysbios_knl_Semaphore_Instance_init__E                  
00011e32  ti_sysbios_heaps_HeapMem_getStats__E                       
00011eb4  xdc_runtime_Memory_alloc__E                                
00011f34  IRQ_Adc                                                    
00011fac  RTC_C_initCalendar                                         
00012024  ti_sysbios_family_msp430_TaskSupport_buildTaskStack        
0001209c  __TI_decompress_lzss                                       
00012112  xdc_runtime_Core_deleteObject__I                           
00012188  ti_sysbios_family_msp430_Hwi_postInit__I                   
000121fc  ti_sysbios_family_msp430_Timer_periodicStub__E             
0001226e  ti_sysbios_heaps_HeapMem_init__I                           
000122e0  _auto_init_hold_wdt                                        
00012350  LCDstrupr                                                  
000123b8  ti_sysbios_knl_Swi_post__E                                 
00012420  xdc_runtime_Assert_raise__I                                
00012488  rtc_init                                                   
000124ea  ti_sysbios_knl_Task_Module_startup__E                      
0001254c  Tache1                                                     
000125aa  gpio_init                                                  
00012608  ti_sysbios_family_msp430_Timer_setNextTick__E              
00012666  ti_sysbios_family_msp430_TaskSupport_start__E              
00012666  ti_sysbios_knl_Task_SupportProxy_start__E                  
000126c2  __mspabi_divul                                             
000126c2  __mspabi_remul                                             
0001271a  ti_sysbios_knl_Task_blockI__E                              
00012770  ti_sysbios_family_msp430_Hwi_getStackInfo__E               
00012770  ti_sysbios_hal_Hwi_HwiProxy_getStackInfo__E                
00012770  ti_sysbios_hal_Hwi_getStackInfo__E                         
000127c4  ti_sysbios_family_msp430_Timer_start__E                    
00012818  ti_sysbios_knl_Task_processVitalTaskFlag__I                
0001286c  ti_sysbios_knl_Task_unblockI__E                            
000128c0  Event_Button2                                              
00012912  ti_sysbios_knl_Mailbox_Module_startup__E                   
00012964  ti_sysbios_knl_Swi_restore__E                              
000129b6  xdc_runtime_Startup_exec__E                                
00012a08  ti_sysbios_family_msp430_Timer_initDevice__I               
00012a58  Event_Button                                               
00012aa6  GPIO_setAsInputPinWithPullUpResistor                       
00012af4  ti_sysbios_knl_Task_exit__E                                
00012b42  xdc_runtime_Core_assignParams__I                           
00012b90  ti_sysbios_family_msp430_Timer_startup__E                  
00012b90  ti_sysbios_knl_Clock_TimerProxy_startup__E                 
00012bda  ti_sysbios_knl_Task_allBlockedFunction__I                  
00012c24  ti_sysbios_hal_Hwi_checkStack                              
00012c6c  ti_sysbios_knl_Event_pendTimeout__I                        
00012cb4  ti_sysbios_knl_Semaphore_pendTimeout__I                    
00012cfc  ti_sysbios_family_msp430_Timer_Module_startup__E           
00012d42  ti_sysbios_family_msp430_Timer_getCount__E                 
00012d84  ti_sysbios_gates_GateHwi_Object__create__S                 
00012dc6  ti_sysbios_gates_GateMutex_Object__create__S               
00012e08  ti_sysbios_heaps_HeapMem_Object__create__S                 
00012e4a  __mspabi_divli                                             
00012e4a  __mspabi_remli                                             
00012e8a  Event_Mail                                                 
00012ec8  ti_sysbios_knl_Clock_addI__E                               
00012f06  ti_sysbios_knl_Semaphore_construct                         
00012f44  xdc_runtime_System_atexit__E                               
00012f82  RTC_C_clearInterrupt                                       
00012fbe  RTC_C_enableInterrupt                                      
00012ffa  ti_sysbios_family_msp430_Hwi_Object__get__S                
00013036  ti_sysbios_hal_Hwi_initStack                               
00013072  ti_sysbios_heaps_HeapMem_Object__get__S                    
000130ae  ti_sysbios_knl_Mailbox_Object__get__S                      
000130ea  ti_sysbios_knl_Swi_Object__get__S                          
00013126  ti_sysbios_knl_Task_Object__get__S                         
00013162  xdc_runtime_System_processAtExit__E                        
0001319e  ti_sysbios_family_msp430_Hwi28_p2                          
000131d8  ti_sysbios_family_msp430_Hwi37_p2                          
00013212  ti_sysbios_family_msp430_Hwi45_p2                          
0001324c  ti_sysbios_knl_Queue_construct                             
00013286  GPIO_setAsOutputPin                                        
000132be  RTC_C_getInterruptStatus                                   
000132f6  ti_sysbios_family_msp430_Hwi44_p2                          
0001332e  ADC12_B_configureMemory                                    
00013364  ti_sysbios_gates_GateMutex_enter__E                        
0001339a  xdc_runtime_Error_raiseX__E                                
000133d0  ti_sysbios_knl_Mailbox_postInit__I                         
00013404  ti_sysbios_family_msp430_Timer_postInit__I                 
00013436  ti_sysbios_family_msp430_Timer_stop__E                     
00013468  ti_sysbios_family_xxx_Hwi_switchAndRunFunc                 
0001349a  xdc_runtime_Core_assignLabel__I                            
000134cc  ADC12_B_startConversion                                    
000134fc  LCD_C_init                                                 
0001355c  ti_sysbios_knl_Queue_put__E                                
0001358c  ti_sysbios_knl_Task_restore__E                             
000135bc  GPIO_selectInterruptEdge                                   
000135ea  LCD_C_setVLCDSource                                        
00013618  main                                                       
00013646  Event_Adc                                                  
00013672  __mpu_init                                                 
0001369e  rtc_irq                                                    
000136ca  __mspabi_divi                                              
000136ca  __mspabi_remi                                              
000136f6  ti_sysbios_knl_Clock_doTick__I                             
00013722  ti_sysbios_BIOS_atExitFunc__I                              
0001374c  ti_sysbios_knl_Clock_Module_startup__E                     
00013776  ti_sysbios_knl_Task_sleepTimeout__I                        
000137a0  Init_AdcRef                                                
000137c8  ti_sysbios_BIOS_startFunc__I                               
000137f0  ti_sysbios_knl_Queue_get__E                                
00013818  xdc_runtime_Text_cordText__E                               
00013840  ti_sysbios_BIOS_RtsGateProxy_Object__delete__S             
00013840  ti_sysbios_gates_GateMutex_Object__delete__S               
00013840  ti_sysbios_heaps_HeapMem_Module_GateProxy_Object__delete__S
00013866  ti_sysbios_knl_Swi_Module_startup__E                       
0001388c  ADC12_B_enableInterrupt                                    
000138b0  __TI_zero_init                                             
000138d4  __mspabi_mpyl_f5hw                                         
000138f8  ti_sysbios_BIOS_rtsLock__I                                 
0001391c  ti_sysbios_gates_GateHwi_Object__delete__S                 
0001391c  xdc_runtime_Main_Module_GateProxy_Object__delete__S        
0001391c  xdc_runtime_System_Module_GateProxy_Object__delete__S      
00013940  ti_sysbios_heaps_HeapMem_Object__delete__S                 
00013940  xdc_runtime_Memory_HeapProxy_Object__delete__S             
00013964  ti_sysbios_knl_Semaphore_Instance_finalize__E              
00013988  GPIO_getInterruptStatus                                    
000139aa  ti_sysbios_knl_Clock_startI__E                             
000139cc  ti_sysbios_knl_Idle_run__E                                 
000139ee  ti_sysbios_knl_Task_restoreHwi__E                          
00013a10  xdc_runtime_Memory_valloc__E                               
00013a32  ADC12_B_setupSamplingTimer                                 
00013a52  xdc_runtime_Error_check__E                                 
00013a72  GPIO_clearInterrupt                                        
00013a90  GPIO_enableInterrupt                                       
00013aae  ti_sysbios_BIOS_rtsUnlock__I                               
00013acc  ti_sysbios_gates_GateHwi_Handle__label__S                  
00013acc  xdc_runtime_Main_Module_GateProxy_Handle__label__S         
00013acc  xdc_runtime_System_Module_GateProxy_Handle__label__S       
00013aea  ti_sysbios_BIOS_RtsGateProxy_Handle__label__S              
00013aea  ti_sysbios_gates_GateMutex_Handle__label__S                
00013aea  ti_sysbios_heaps_HeapMem_Module_GateProxy_Handle__label__S 
00013b08  ti_sysbios_gates_GateMutex_Instance_init__E                
00013b26  ti_sysbios_gates_GateMutex_leave__E                        
00013b44  ti_sysbios_heaps_HeapMem_Handle__label__S                  
00013b44  xdc_runtime_Memory_HeapProxy_Handle__label__S              
00013b62  ti_sysbios_knl_Task_enter__I                               
00013b80  ti_catalog_msp430_init_Boot_configureDCO_CS_A              
00013b9c  GPIO_setOutputHighOnPin                                    
00013bb8  GPIO_setOutputLowOnPin                                     
00013bd4  GPIO_toggleOutputOnPin                                     
00013bf0  LCD_C_configChargePump                                     
00013c0c  RTC_C_startClock                                           
00013c28  _ti_sysbios_family_msp430_TaskSupport_swap__E              
00013c28  ti_sysbios_family_msp430_TaskSupport_swap__E               
00013c28  ti_sysbios_knl_Task_SupportProxy_swap__E                   
00013c44  ti_sysbios_family_msp430_Hwi_Module__startupDone__F        
00013c44  ti_sysbios_family_msp430_Hwi_Module__startupDone__S        
00013c44  ti_sysbios_hal_Hwi_HwiProxy_Module__startupDone__S         
00013c60  ti_sysbios_family_msp430_Timer_Module__startupDone__F      
00013c60  ti_sysbios_family_msp430_Timer_Module__startupDone__S      
00013c60  ti_sysbios_knl_Clock_TimerProxy_Module__startupDone__S     
00013c7c  ti_sysbios_knl_Task_unblock__E                             
00013c98  Tache0                                                     
00013cb2  WDT_A_hold                                                 
00013ccc  ti_sysbios_BIOS_exitFunc__I                                
00013ce6  ti_sysbios_BIOS_registerRTSLock__I                         
00013d00  ti_sysbios_BIOS_removeRTSLock__I                           
00013d1a  ti_sysbios_knl_Event_checkEvents__I                        
00013d34  ti_sysbios_knl_Semaphore_Object__destruct__S               
00013d4e  __mspabi_mpyi_f5hw                                         
00013d66  ti_sysbios_BIOS_setThreadType__E                           
00013d7e  ti_sysbios_knl_Queue_Object__destruct__S                   
00013d96  memset                                                     
00013dac  __mspabi_divu                                              
00013dac  __mspabi_remu                                              
00013dc2  xdc_runtime_System_abort__E                                
00013dd8  ADC12_B_clearInterrupt                                     
00013dec  LCD_C_selectChargePumpReference                            
00013e00  LCD_C_setVLCDVoltage                                       
00013e14  memcpy                                                     
00013e28  ti_sysbios_knl_Queue_Object__get__S                        
00013e3c  xdc_runtime_Memory_calloc__E                               
00013e50  xdc_runtime_Text_ropeText__E                               
00013e64  ADC12_B_getInterruptStatus                                 
00013e76  __TI_decompress_none                                       
00013e88  ti_sysbios_gates_GateHwi_leave__E                          
00013e9a  xdc_runtime_Startup_exec__I                                
00013eac  xdc_runtime_System_exit__E                                 
00013ebe  Ref_A_isVariableReferenceVoltageOutputReady                
00013ece  _ti_sysbios_family_msp430_TaskSupport_glue                 
00013ece  ti_sysbios_family_msp430_TaskSupport_glue                  
00013ede  ti_sysbios_family_msp430_TaskSupport_checkStack__E         
00013ede  ti_sysbios_knl_Task_SupportProxy_checkStack__E             
00013eee  ti_sysbios_hal_Hwi_Module_startup__E                       
00013efe  ti_sysbios_knl_Event_sync__E                               
00013f0e  ADC12_B_enable                                             
00013f1c  LCD_C_enableChargePump                                     
00013f2a  Ref_A_setReferenceVoltage                                  
00013f38  Start_Conv                                                 
00013f46  strlen                                                     
00013f54  ti_sysbios_family_msp430_Timer_getMaxTicks__E              
00013f62  ti_sysbios_gates_GateMutex_Instance_finalize__E            
00013f70  ti_sysbios_knl_Queue_empty__E                              
00013f7e  ti_sysbios_knl_Swi_disable__E                              
00013f8c  ti_sysbios_knl_Task_disable__E                             
00013f9a  ti_catalog_msp430_init_Boot_init                           
00013f9a  xdc_runtime_Startup_reset__I                               
00013fa6  LCD_C_clearMemory                                          
00013fb2  xdc_runtime_Gate_leaveSystem__E                            
00013fbe  xdc_runtime_Memory_free__E                                 
00013fca  xdc_runtime_Startup_rtsDone__E                             
00013fd6  __mspabi_slli                                              
00013fe0  __mspabi_srli                                              
00013fea  ti_sysbios_BIOS_start__E                                   
00013ff4  ti_sysbios_family_msp430_Hwi_startup__E                    
00013ff4  ti_sysbios_hal_Hwi_HwiProxy_startup__E                     
00013ff4  ti_sysbios_hal_Hwi_startup__E                              
00013ffe  ti_sysbios_gates_GateHwi_enter__E                          
00014008  ti_sysbios_knl_Queue_Instance_init__E                      
00014012  ti_catalog_msp430_init_Boot_disableWatchdog                
0001401a  ti_sysbios_family_msp430_Hwi_switchFromBootStack__E        
0001401a  ti_sysbios_hal_Hwi_HwiProxy_switchFromBootStack__E         
0001401a  ti_sysbios_hal_Hwi_switchFromBootStack__E                  
00014022  xdc_runtime_Gate_enterSystem__E                            
0001402a  xdc_runtime_Memory_HeapProxy_alloc__E                      
00014032  xdc_runtime_Memory_HeapProxy_free__E                       
0001403a  xdc_runtime_Memory_getMaxDefaultTypeAlign__E               
00014042  LCD_C_on                                                   
00014048  Ref_A_enableReferenceVoltage                               
0001404e  Ref_A_enableTempSensor                                     
00014054  _register_lock                                             
0001405a  _register_unlock                                           
00014060  ti_sysbios_heaps_HeapMem_isBlocking__E                     
00014066  ti_sysbios_knl_Idle_loop__E                                
0001406c  ti_sysbios_knl_Swi_startup__E                              
00014072  _system_pre_init                                           
00014076  ti_sysbios_BIOS_RtsGateProxy_enter__E                      
0001407a  ti_sysbios_BIOS_RtsGateProxy_leave__E                      
0001407e  ti_sysbios_family_msp430_TaskSupport_Module__startupDone__S
0001407e  ti_sysbios_knl_Task_SupportProxy_Module__startupDone__S    
00014082  ti_sysbios_gates_GateHwi_query__E                          
00014082  xdc_runtime_Main_Module_GateProxy_query__E                 
00014082  xdc_runtime_System_Module_GateProxy_query__E               
00014086  ti_sysbios_BIOS_RtsGateProxy_query__E                      
00014086  ti_sysbios_gates_GateMutex_query__E                        
00014086  ti_sysbios_heaps_HeapMem_Module_GateProxy_query__E         
0001408a  ti_sysbios_heaps_HeapMem_Module_GateProxy_enter__E         
0001408e  ti_sysbios_heaps_HeapMem_Module_GateProxy_leave__E         
00014092  ti_sysbios_knl_Clock_TimerProxy_getMaxTicks__E             
00014096  ti_sysbios_knl_Queue_destruct                              
0001409a  ti_sysbios_knl_Semaphore_destruct                          
0001409e  ti_sysbios_knl_Task_startup__E                             
000140a2  xdc_runtime_SysCallback_abort__E                           
000140a2  xdc_runtime_System_SupportProxy_abort__E                   
000140a6  xdc_runtime_SysCallback_exit__E                            
000140a6  xdc_runtime_System_SupportProxy_exit__E                    
000140aa  xdc_runtime_System_Module_GateProxy_enter__E               
000140ae  xdc_runtime_System_Module_GateProxy_leave__E               
000140b2  xdc_runtime_System_Module_startup__E                       
000140b6  _nop                                                       
000140b8  ti_sysbios_BIOS_linkedWithIncorrectBootLibrary__E          
000140ba  ti_sysbios_BIOS_nullFunc__I                                
000140bc  ti_sysbios_gates_GateHwi_Instance_init__E                  
000140be  ti_sysbios_knl_Clock_logTick__E                            
000140c0  xdc_runtime_Error_policySpin__E                            
000140c2  xdc_runtime_SysCallback_defaultAbort                       
000140c4  xdc_runtime_SysCallback_defaultExit                        
000140c6  xdc_runtime_System_abortSpin__E                            
000140c8  xdc_runtime_System_exitSpin__E                             
ffffffff  __TI_pprof_out_hndl                                        
ffffffff  __TI_prof_data_size                                        
ffffffff  __TI_prof_data_start                                       
ffffffff  __c_args__                                                 
UNDEFED   __TI_INITARRAY_Base                                        
UNDEFED   __TI_INITARRAY_Limit                                       

[1901 symbols]
