******************************************************************************
                  MSP430 Linker PC v16.9.11                    
******************************************************************************
>> Linked Mon Sep 29 09:04:10 2025

OUTPUT FILE NAME:   <TP_RTOS2.out>
ENTRY POINT SYMBOL: "_c_int00_noargs_noexit_mpu"  address: 00005400


MEMORY CONFIGURATION

         name            origin    length      used     unused   attr    fill
----------------------  --------  ---------  --------  --------  ----  --------
  TINYRAM               00000006   0000001a  00000000  0000001a  RWIX
  PERIPHERALS_8BIT      00000020   000000e0  00000000  000000e0  RWIX
  PERIPHERALS_16BIT     00000100   00000100  00000000  00000100  RWIX
  INFOD                 00001800   00000080  00000000  00000080  RWIX
  INFOC                 00001880   00000080  00000000  00000080  RWIX
  INFOB                 00001900   00000080  00000000  00000080  RWIX
  INFOA                 00001980   00000080  00000000  00000080  RWIX
  RAM                   00001c00   00000800  00000300  00000500  RWIX
  FRAM                  00004400   0000bb80  0000162b  0000a555  RWIX
  JTAGSIGNATURE         0000ff80   00000004  00000004  00000000  RWIX  ffff 
  BSLSIGNATURE          0000ff84   00000004  00000004  00000000  RWIX  ffff 
  IPESIGNATURE          0000ff88   00000008  00000008  00000000  RWIX  ffff 
  INT00                 0000ff90   00000002  00000000  00000002  RWIX
  INT01                 0000ff92   00000002  00000000  00000002  RWIX
  INT02                 0000ff94   00000002  00000000  00000002  RWIX
  INT03                 0000ff96   00000002  00000000  00000002  RWIX
  INT04                 0000ff98   00000002  00000000  00000002  RWIX
  INT05                 0000ff9a   00000002  00000000  00000002  RWIX
  INT06                 0000ff9c   00000002  00000000  00000002  RWIX
  INT07                 0000ff9e   00000002  00000000  00000002  RWIX
  INT08                 0000ffa0   00000002  00000000  00000002  RWIX
  INT09                 0000ffa2   00000002  00000000  00000002  RWIX
  INT10                 0000ffa4   00000002  00000000  00000002  RWIX
  INT11                 0000ffa6   00000002  00000000  00000002  RWIX
  INT12                 0000ffa8   00000002  00000000  00000002  RWIX
  INT13                 0000ffaa   00000002  00000000  00000002  RWIX
  INT14                 0000ffac   00000002  00000000  00000002  RWIX
  INT15                 0000ffae   00000002  00000000  00000002  RWIX
  INT16                 0000ffb0   00000002  00000000  00000002  RWIX
  INT17                 0000ffb2   00000002  00000000  00000002  RWIX
  INT18                 0000ffb4   00000002  00000000  00000002  RWIX
  INT19                 0000ffb6   00000002  00000000  00000002  RWIX
  INT20                 0000ffb8   00000002  00000000  00000002  RWIX
  INT21                 0000ffba   00000002  00000000  00000002  RWIX
  INT22                 0000ffbc   00000002  00000000  00000002  RWIX
  INT23                 0000ffbe   00000002  00000000  00000002  RWIX
  INT24                 0000ffc0   00000002  00000000  00000002  RWIX
  INT25                 0000ffc2   00000002  00000000  00000002  RWIX
  INT26                 0000ffc4   00000002  00000000  00000002  RWIX
  INT27                 0000ffc6   00000002  00000002  00000000  RWIX
  INT28                 0000ffc8   00000002  00000002  00000000  RWIX
  INT29                 0000ffca   00000002  00000002  00000000  RWIX
  INT30                 0000ffcc   00000002  00000002  00000000  RWIX
  INT31                 0000ffce   00000002  00000002  00000000  RWIX
  INT32                 0000ffd0   00000002  00000002  00000000  RWIX
  INT33                 0000ffd2   00000002  00000002  00000000  RWIX
  INT34                 0000ffd4   00000002  00000002  00000000  RWIX
  INT35                 0000ffd6   00000002  00000002  00000000  RWIX
  INT36                 0000ffd8   00000002  00000002  00000000  RWIX
  INT37                 0000ffda   00000002  00000002  00000000  RWIX
  INT38                 0000ffdc   00000002  00000002  00000000  RWIX
  INT39                 0000ffde   00000002  00000002  00000000  RWIX
  INT40                 0000ffe0   00000002  00000002  00000000  RWIX
  INT41                 0000ffe2   00000002  00000002  00000000  RWIX
  INT42                 0000ffe4   00000002  00000002  00000000  RWIX
  INT43                 0000ffe6   00000002  00000002  00000000  RWIX
  INT44                 0000ffe8   00000002  00000002  00000000  RWIX
  INT45                 0000ffea   00000002  00000002  00000000  RWIX
  INT46                 0000ffec   00000002  00000002  00000000  RWIX
  INT47                 0000ffee   00000002  00000002  00000000  RWIX
  INT48                 0000fff0   00000002  00000002  00000000  RWIX
  INT49                 0000fff2   00000002  00000002  00000000  RWIX
  INT50                 0000fff4   00000002  00000002  00000000  RWIX
  INT51                 0000fff6   00000002  00000002  00000000  RWIX
  INT52                 0000fff8   00000002  00000002  00000000  RWIX
  INT53                 0000fffa   00000002  00000002  00000000  RWIX
  INT54                 0000fffc   00000002  00000002  00000000  RWIX
  RESET                 0000fffe   00000002  00000002  00000000  RWIX
  FRAM2                 00010000   00014000  00003560  00010aa0  RWIX


SECTION ALLOCATION MAP

 output                                  attributes/
section   page    origin      length       input sections
--------  ----  ----------  ----------   ----------------
.stack     0    00002100    00000300     UNINITIALIZED
                  00002100    00000004     boot.ae430X : boot.oe430X (.stack)
                  00002104    000002fc     --HOLE--

.TI.persistent 
*          0    00004400    00000000     UNINITIALIZED

.cio       0    00004400    00000000     UNINITIALIZED

.sysmem    0    00004400    00000000     UNINITIALIZED

.ipestruct 
*          0    00004400    00000000     UNINITIALIZED

.ipe       0    00004400    00000000     UNINITIALIZED

.ipe:_isr 
*          0    00004400    00000000     UNINITIALIZED

.ipe_vars 
*          0    00004400    00000000     UNINITIALIZED

.bss       0    00004400    00000840     UNINITIALIZED
                  00004400    00000600     empty_min_pe430X.oe430X (.bss:taskStackSection)
                  00004a00    00000200     (.common:ti_sysbios_heaps_HeapMem_Instance_State_0_buf__A)
                  00004c00    00000040     (.common:LCDBufferText)

.data      0    00004c40    000003cc     UNINITIALIZED
                  00004c40    000000ba     empty_min_pe430X.oe430X (.data:ti_sysbios_knl_Task_Object__table__V)
                  00004cfa    00000080     empty_min_pe430X.oe430X (.data:ti_sysbios_knl_Swi_Module_State_0_readyQ__A)
                  00004d7a    00000080     empty_min_pe430X.oe430X (.data:ti_sysbios_knl_Task_Module_State_0_readyQ__A)
                  00004dfa    0000003c     empty_min_pe430X.oe430X (.data:ti_sysbios_knl_Task_Module__state__V)
                  00004e36    00000036     empty_min_pe430X.oe430X (.data:ti_sysbios_family_msp430_Timer_Object__table__V)
                  00004e6c    00000034     empty_min_pe430X.oe430X (.data:ti_sysbios_gates_GateMutex_Object__table__V)
                  00004ea0    00000026     empty_min_pe430X.oe430X (.data:ti_sysbios_knl_Clock_Module__state__V)
                  00004ec6    00000026     empty_min_pe430X.oe430X (.data:ti_sysbios_knl_Swi_Object__table__V)
                  00004eec    00000020     empty_min_pe430X.oe430X (.data:ti_sysbios_BIOS_Module__state__V)
                  00004f0c    0000001e     empty_min_pe430X.oe430X (.data:ti_sysbios_family_msp430_Timer_Module_State_0_device__A)
                  00004f2a    0000001c     empty_min_pe430X.oe430X (.data:ti_sysbios_family_msp430_Hwi_Object__table__V)
                  00004f46    00000016     empty_min_pe430X.oe430X (.data:ti_sysbios_heaps_HeapMem_Object__table__V)
                  00004f5c    00000016     empty_min_pe430X.oe430X (.data:ti_sysbios_knl_Swi_Module__state__V)
                  00004f72    00000014     empty_min_pe430X.oe430X (.data:ti_sysbios_family_msp430_Timer_Module_State_0_handles__A)
                  00004f86    00000014     empty_min_pe430X.oe430X (.data:ti_sysbios_knl_Event_Object__table__V)
                  00004f9a    00000012     empty_min_pe430X.oe430X (.data:ti_sysbios_knl_Semaphore_Object__table__V)
                  00004fac    0000000a     empty_min_pe430X.oe430X (.data:ti_sysbios_family_msp430_Timer_Module__state__V)
                  00004fb6    00000008     empty_min_pe430X.oe430X (.data:ti_sysbios_family_msp430_Hwi_Module__state__V)
                  00004fbe    00000008     empty_min_pe430X.oe430X (.data:ti_sysbios_gates_GateHwi_Module__root__V)
                  00004fc6    00000008     empty_min_pe430X.oe430X (.data:ti_sysbios_gates_GateMutex_Module__root__V)
                  00004fce    00000008     empty_min_pe430X.oe430X (.data:ti_sysbios_heaps_HeapMem_Module__root__V)
                  00004fd6    00000008     empty_min_pe430X.oe430X (.data:ti_sysbios_knl_Queue_Module__root__V)
                  00004fde    00000008     empty_min_pe430X.oe430X (.data:ti_sysbios_knl_Semaphore_Module__root__V)
                  00004fe6    00000008     empty_min_pe430X.oe430X (.data:xdc_runtime_Startup_Module__state__V)
                  00004fee    00000006     hal_LCD.obj (.data:TabPosi)
                  00004ff4    00000006     empty_min_pe430X.oe430X (.data:xdc_runtime_System_Module__state__V)
                  00004ffa    00000004     rts430x_lc_rd_eabi.lib : _lock.obj (.data:_lock)
                  00004ffe    00000004                            : _lock.obj (.data:_unlock)
                  00005002    00000004     empty_min_pe430X.oe430X (.data:ti_sysbios_gates_GateHwi_Object__table__V)
                  00005006    00000004     empty_min_pe430X.oe430X (.data:ti_sysbios_knl_Task_Module_State_0_idleTask__A)
                  0000500a    00000002     empty_min_pe430X.oe430X (.data:xdc_runtime_Memory_Module__state__V)

.text:_isr 
*          0    00005400    0000009e     
                  00005400    0000002a     boot.ae430X : boot_special.oe430X (.text:_isr:_c_int00_noargs_noexit_mpu)
                  0000542a    00000020     sysbios.ae430X : BIOS.obj (.text:_isr:ti_sysbios_family_msp430_Hwi37)
                  0000544a    00000020                    : BIOS.obj (.text:_isr:ti_sysbios_family_msp430_Hwi44)
                  0000546a    00000002                    : BIOS.obj (.text:_isr:ti_sysbios_family_msp430_Hwi27)
                  0000546c    00000002                    : BIOS.obj (.text:_isr:ti_sysbios_family_msp430_Hwi28)
                  0000546e    00000002                    : BIOS.obj (.text:_isr:ti_sysbios_family_msp430_Hwi29)
                  00005470    00000002                    : BIOS.obj (.text:_isr:ti_sysbios_family_msp430_Hwi30)
                  00005472    00000002                    : BIOS.obj (.text:_isr:ti_sysbios_family_msp430_Hwi31)
                  00005474    00000002                    : BIOS.obj (.text:_isr:ti_sysbios_family_msp430_Hwi32)
                  00005476    00000002                    : BIOS.obj (.text:_isr:ti_sysbios_family_msp430_Hwi33)
                  00005478    00000002                    : BIOS.obj (.text:_isr:ti_sysbios_family_msp430_Hwi34)
                  0000547a    00000002                    : BIOS.obj (.text:_isr:ti_sysbios_family_msp430_Hwi35)
                  0000547c    00000002                    : BIOS.obj (.text:_isr:ti_sysbios_family_msp430_Hwi36)
                  0000547e    00000002                    : BIOS.obj (.text:_isr:ti_sysbios_family_msp430_Hwi38)
                  00005480    00000002                    : BIOS.obj (.text:_isr:ti_sysbios_family_msp430_Hwi39)
                  00005482    00000002                    : BIOS.obj (.text:_isr:ti_sysbios_family_msp430_Hwi40)
                  00005484    00000002                    : BIOS.obj (.text:_isr:ti_sysbios_family_msp430_Hwi41)
                  00005486    00000002                    : BIOS.obj (.text:_isr:ti_sysbios_family_msp430_Hwi42)
                  00005488    00000002                    : BIOS.obj (.text:_isr:ti_sysbios_family_msp430_Hwi43)
                  0000548a    00000002                    : BIOS.obj (.text:_isr:ti_sysbios_family_msp430_Hwi45)
                  0000548c    00000002                    : BIOS.obj (.text:_isr:ti_sysbios_family_msp430_Hwi46)
                  0000548e    00000002                    : BIOS.obj (.text:_isr:ti_sysbios_family_msp430_Hwi47)
                  00005490    00000002                    : BIOS.obj (.text:_isr:ti_sysbios_family_msp430_Hwi48)
                  00005492    00000002                    : BIOS.obj (.text:_isr:ti_sysbios_family_msp430_Hwi49)
                  00005494    00000002                    : BIOS.obj (.text:_isr:ti_sysbios_family_msp430_Hwi50)
                  00005496    00000002                    : BIOS.obj (.text:_isr:ti_sysbios_family_msp430_Hwi51)
                  00005498    00000002                    : BIOS.obj (.text:_isr:ti_sysbios_family_msp430_Hwi52)
                  0000549a    00000002                    : BIOS.obj (.text:_isr:ti_sysbios_family_msp430_Hwi53)
                  0000549c    00000002                    : BIOS.obj (.text:_isr:ti_sysbios_family_msp430_Hwi54)

.cinit     0    00005862    000001ca     
                  00005862    000001a8     (.cinit..data.load) [load image, compression = lzss]
                  00005a0a    0000000c     (__TI_handler_table)
                  00005a16    00000006     (.cinit..bss.load) [load image, compression = zero_init]
                  00005a1c    00000010     (__TI_cinit_table)

.init_array 
*          0    00004400    00000000     UNINITIALIZED

.const     0    0000549e    000003c3     
                  0000549e    0000004a     main.obj (.const:.string)
                  000054e8    00000046     empty_min_pe430X.oe430X (.const:.string)
                  0000552e    00000034     hal_LCD.obj (.const:alphabetBig)
                  00005562    0000002a     ti.targets.msp430.rts430.ae430X : Startup.oe430X (.const:.string)
                  0000558c    00000026     empty_min_pe430X.oe430X (.const:ti_sysbios_heaps_HeapMem_Module__FXNS__C)
                  000055b2    00000022     empty_min_pe430X.oe430X (.const:ti_sysbios_gates_GateHwi_Module__FXNS__C)
                  000055d4    00000022     empty_min_pe430X.oe430X (.const:ti_sysbios_gates_GateMutex_Module__FXNS__C)
                  000055f6    00000020     sysbios.ae430X : BIOS.obj (.const:IntrinsicsSupport_maxbitTable)
                  00005616    0000001e     empty_min_pe430X.oe430X (.const:ti_sysbios_heaps_HeapMem_Object__PARAMS__C)
                  00005634    0000001c     MSP430FR6989.lib : gpio.obj (.const:GPIO_PORT_TO_BASE)
                  00005650    0000001c     empty_min_pe430X.oe430X (.const:ti_sysbios_knl_Semaphore_Object__PARAMS__C)
                  0000566c    0000001c     empty_min_pe430X.oe430X (.const:xdc_runtime_Startup_sfxnTab__A)
                  00005688    00000018     empty_min_pe430X.oe430X (.const)
                  000056a0    00000018     empty_min_pe430X.oe430X (.const:ti_sysbios_gates_GateHwi_Object__DESC__C)
                  000056b8    00000018     empty_min_pe430X.oe430X (.const:ti_sysbios_gates_GateMutex_Object__DESC__C)
                  000056d0    00000018     empty_min_pe430X.oe430X (.const:ti_sysbios_heaps_HeapMem_Object__DESC__C)
                  000056e8    00000018     empty_min_pe430X.oe430X (.const:ti_sysbios_knl_Queue_Object__DESC__C)
                  00005700    00000018     empty_min_pe430X.oe430X (.const:ti_sysbios_knl_Semaphore_Object__DESC__C)
                  00005718    00000014     hal_LCD.obj (.const:digit)
                  0000572c    00000014     empty_min_pe430X.oe430X (.const:ti_sysbios_gates_GateHwi_Object__PARAMS__C)
                  00005740    00000014     empty_min_pe430X.oe430X (.const:ti_sysbios_gates_GateMutex_Object__PARAMS__C)
                  00005754    00000014     empty_min_pe430X.oe430X (.const:ti_sysbios_knl_Queue_Object__PARAMS__C)
                  00005768    0000000e     empty_min_pe430X.oe430X (.const:xdc_runtime_Startup_sfxnRts__A)
                  00005776    0000000c     hal_LCD.obj (.const:$P$T0$1)
                  00005782    00000008     empty_min_pe430X.oe430X (.const:ti_sysbios_knl_Idle_funcList__A)
                  0000578a    00000008     empty_min_pe430X.oe430X (.const:xdc_runtime_Startup_firstFxns__A)
                  00005792    00000006     hal_LCD.obj (.const:.string:$P$T1$2)
                  00005798    00000006     ti.targets.msp430.rts430.ae430X : Assert.oe430X (.const:.string)
                  0000579e    00000006     empty_min_pe430X.oe430X (.const:ti_sysbios_family_msp430_Hwi_hooks__C)
                  000057a4    00000006     empty_min_pe430X.oe430X (.const:ti_sysbios_knl_Idle_funcList__C)
                  000057aa    00000006     empty_min_pe430X.oe430X (.const:xdc_runtime_Startup_firstFxns__C)
                  000057b0    00000006     empty_min_pe430X.oe430X (.const:xdc_runtime_Startup_lastFxns__C)
                  000057b6    00000004     empty_min_pe430X.oe430X (.const:ti_sysbios_hal_Hwi_E_stackOverflow__C)
                  000057ba    00000004     empty_min_pe430X.oe430X (.const:ti_sysbios_heaps_HeapMem_E_memory__C)
                  000057be    00000004     empty_min_pe430X.oe430X (.const:ti_sysbios_heaps_HeapMem_Module__gateObj__C)
                  000057c2    00000004     empty_min_pe430X.oe430X (.const:ti_sysbios_knl_Semaphore_eventPost__C)
                  000057c6    00000004     empty_min_pe430X.oe430X (.const:ti_sysbios_knl_Semaphore_eventSync__C)
                  000057ca    00000004     empty_min_pe430X.oe430X (.const:ti_sysbios_knl_Task_E_spOutOfBounds__C)
                  000057ce    00000004     empty_min_pe430X.oe430X (.const:ti_sysbios_knl_Task_E_stackOverflow__C)
                  000057d2    00000004     empty_min_pe430X.oe430X (.const:ti_sysbios_knl_Task_allBlockedFunc__C)
                  000057d6    00000004     empty_min_pe430X.oe430X (.const:xdc_runtime_Assert_E_assertFailed__C)
                  000057da    00000004     empty_min_pe430X.oe430X (.const:xdc_runtime_Core_A_initializedParams__C)
                  000057de    00000004     empty_min_pe430X.oe430X (.const:xdc_runtime_Core_Module__diagsEnabled__C)
                  000057e2    00000004     empty_min_pe430X.oe430X (.const:xdc_runtime_Core_Module__diagsIncluded__C)
                  000057e6    00000004     empty_min_pe430X.oe430X (.const:xdc_runtime_Core_Module__diagsMask__C)
                  000057ea    00000004     empty_min_pe430X.oe430X (.const:xdc_runtime_Error_E_memory__C)
                  000057ee    00000004     empty_min_pe430X.oe430X (.const:xdc_runtime_Error_policyFxn__C)
                  000057f2    00000004     empty_min_pe430X.oe430X (.const:xdc_runtime_IGateProvider_Interface__BASE__C)
                  000057f6    00000004     empty_min_pe430X.oe430X (.const:xdc_runtime_IHeap_Interface__BASE__C)
                  000057fa    00000004     empty_min_pe430X.oe430X (.const:xdc_runtime_IModule_Interface__BASE__C)
                  000057fe    00000004     empty_min_pe430X.oe430X (.const:xdc_runtime_Memory_defaultHeapInstance__C)
                  00005802    00000004     empty_min_pe430X.oe430X (.const:xdc_runtime_Startup_execImpl__C)
                  00005806    00000004     empty_min_pe430X.oe430X (.const:xdc_runtime_Startup_sfxnRts__C)
                  0000580a    00000004     empty_min_pe430X.oe430X (.const:xdc_runtime_Startup_sfxnTab__C)
                  0000580e    00000004     empty_min_pe430X.oe430X (.const:xdc_runtime_SysCallback_abortFxn__C)
                  00005812    00000004     empty_min_pe430X.oe430X (.const:xdc_runtime_SysCallback_exitFxn__C)
                  00005816    00000004     empty_min_pe430X.oe430X (.const:xdc_runtime_System_Module__gateObj__C)
                  0000581a    00000004     empty_min_pe430X.oe430X (.const:xdc_runtime_System_abortFxn__C)
                  0000581e    00000004     empty_min_pe430X.oe430X (.const:xdc_runtime_System_exitFxn__C)
                  00005822    00000004     empty_min_pe430X.oe430X (.const:xdc_runtime_Text_charTab__C)
                  00005826    00000004     empty_min_pe430X.oe430X (.const:xdc_runtime_Text_nameEmpty__C)
                  0000582a    00000004     empty_min_pe430X.oe430X (.const:xdc_runtime_Text_nameStatic__C)
                  0000582e    00000004     empty_min_pe430X.oe430X (.const:xdc_runtime_Text_nameUnknown__C)
                  00005832    00000002     empty_min_pe430X.oe430X (.const:ti_sysbios_family_msp430_Hwi_Object__count__C)
                  00005834    00000002     empty_min_pe430X.oe430X (.const:ti_sysbios_family_msp430_Timer_numTimerDevices__C)
                  00005836    00000002     empty_min_pe430X.oe430X (.const:ti_sysbios_family_msp430_Timer_startupNeeded__C)
                  00005838    00000002     empty_min_pe430X.oe430X (.const:ti_sysbios_gates_GateMutex_Instance_State_sem__O)
                  0000583a    00000002     empty_min_pe430X.oe430X (.const:ti_sysbios_hal_Hwi_Module__id__C)
                  0000583c    00000002     empty_min_pe430X.oe430X (.const:ti_sysbios_heaps_HeapMem_Module__id__C)
                  0000583e    00000002     empty_min_pe430X.oe430X (.const:ti_sysbios_heaps_HeapMem_Object__count__C)
                  00005840    00000002     empty_min_pe430X.oe430X (.const:ti_sysbios_heaps_HeapMem_reqAlign__C)
                  00005842    00000002     empty_min_pe430X.oe430X (.const:ti_sysbios_knl_Clock_Module_State_clockQ__O)
                  00005844    00000002     empty_min_pe430X.oe430X (.const:ti_sysbios_knl_Event_Instance_State_pendQ__O)
                  00005846    00000002     empty_min_pe430X.oe430X (.const:ti_sysbios_knl_Semaphore_Instance_State_pendQ__O)
                  00005848    00000002     empty_min_pe430X.oe430X (.const:ti_sysbios_knl_Swi_Object__count__C)
                  0000584a    00000002     empty_min_pe430X.oe430X (.const:ti_sysbios_knl_Task_Module_State_inactiveQ__O)
                  0000584c    00000002     empty_min_pe430X.oe430X (.const:ti_sysbios_knl_Task_Module__id__C)
                  0000584e    00000002     empty_min_pe430X.oe430X (.const:ti_sysbios_knl_Task_Object__count__C)
                  00005850    00000002     empty_min_pe430X.oe430X (.const:ti_sysbios_knl_Task_numConstructedTasks__C)
                  00005852    00000002     empty_min_pe430X.oe430X (.const:xdc_runtime_Core_Module__id__C)
                  00005854    00000002     empty_min_pe430X.oe430X (.const:xdc_runtime_Error_policy__C)
                  00005856    00000002     empty_min_pe430X.oe430X (.const:xdc_runtime_Memory_Module__id__C)
                  00005858    00000002     empty_min_pe430X.oe430X (.const:xdc_runtime_Startup_maxPasses__C)
                  0000585a    00000002     empty_min_pe430X.oe430X (.const:xdc_runtime_System_maxAtexitHandlers__C)
                  0000585c    00000002     empty_min_pe430X.oe430X (.const:xdc_runtime_Text_charCnt__C)
                  0000585e    00000002     empty_min_pe430X.oe430X (.const:xdc_runtime_Text_isLoaded__C)
                  00005860    00000001     empty_min_pe430X.oe430X (.const:xdc_runtime_Text_charTab__A)

$fill000   0    0000ff80    00000004     
                  0000ff80    00000004     --HOLE-- [fill = ffff]

$fill001   0    0000ff84    00000004     
                  0000ff84    00000004     --HOLE-- [fill = ffff]

$fill002   0    0000ff88    00000008     
                  0000ff88    00000008     --HOLE-- [fill = ffff]

AES256     0    0000ffc6    00000002     
                  0000ffc6    00000002     sysbios.ae430X : BIOS.obj (.int27)

RTC        0    0000ffc8    00000002     
                  0000ffc8    00000002     sysbios.ae430X : BIOS.obj (.int28)

LCD_C      0    0000ffca    00000002     
                  0000ffca    00000002     sysbios.ae430X : BIOS.obj (.int29)

PORT4      0    0000ffcc    00000002     
                  0000ffcc    00000002     sysbios.ae430X : BIOS.obj (.int30)

PORT3      0    0000ffce    00000002     
                  0000ffce    00000002     sysbios.ae430X : BIOS.obj (.int31)

TIMER3_A1 
*          0    0000ffd0    00000002     
                  0000ffd0    00000002     sysbios.ae430X : BIOS.obj (.int32)

TIMER3_A0 
*          0    0000ffd2    00000002     
                  0000ffd2    00000002     sysbios.ae430X : BIOS.obj (.int33)

PORT2      0    0000ffd4    00000002     
                  0000ffd4    00000002     sysbios.ae430X : BIOS.obj (.int34)

TIMER2_A1 
*          0    0000ffd6    00000002     
                  0000ffd6    00000002     sysbios.ae430X : BIOS.obj (.int35)

TIMER2_A0 
*          0    0000ffd8    00000002     
                  0000ffd8    00000002     sysbios.ae430X : BIOS.obj (.int36)

PORT1      0    0000ffda    00000002     
                  0000ffda    00000002     sysbios.ae430X : BIOS.obj (.int37)

TIMER1_A1 
*          0    0000ffdc    00000002     
                  0000ffdc    00000002     sysbios.ae430X : BIOS.obj (.int38)

TIMER1_A0 
*          0    0000ffde    00000002     
                  0000ffde    00000002     sysbios.ae430X : BIOS.obj (.int39)

DMA        0    0000ffe0    00000002     
                  0000ffe0    00000002     sysbios.ae430X : BIOS.obj (.int40)

USCI_B1    0    0000ffe2    00000002     
                  0000ffe2    00000002     sysbios.ae430X : BIOS.obj (.int41)

USCI_A1    0    0000ffe4    00000002     
                  0000ffe4    00000002     sysbios.ae430X : BIOS.obj (.int42)

TIMER0_A1 
*          0    0000ffe6    00000002     
                  0000ffe6    00000002     sysbios.ae430X : BIOS.obj (.int43)

TIMER0_A0 
*          0    0000ffe8    00000002     
                  0000ffe8    00000002     sysbios.ae430X : BIOS.obj (.int44)

ADC12      0    0000ffea    00000002     
                  0000ffea    00000002     sysbios.ae430X : BIOS.obj (.int45)

USCI_B0    0    0000ffec    00000002     
                  0000ffec    00000002     sysbios.ae430X : BIOS.obj (.int46)

USCI_A0    0    0000ffee    00000002     
                  0000ffee    00000002     sysbios.ae430X : BIOS.obj (.int47)

ESCAN_IF   0    0000fff0    00000002     
                  0000fff0    00000002     sysbios.ae430X : BIOS.obj (.int48)

WDT        0    0000fff2    00000002     
                  0000fff2    00000002     sysbios.ae430X : BIOS.obj (.int49)

TIMER0_B1 
*          0    0000fff4    00000002     
                  0000fff4    00000002     sysbios.ae430X : BIOS.obj (.int50)

TIMER0_B0 
*          0    0000fff6    00000002     
                  0000fff6    00000002     sysbios.ae430X : BIOS.obj (.int51)

COMP_E     0    0000fff8    00000002     
                  0000fff8    00000002     sysbios.ae430X : BIOS.obj (.int52)

UNMI       0    0000fffa    00000002     
                  0000fffa    00000002     sysbios.ae430X : BIOS.obj (.int53)

SYSNMI     0    0000fffc    00000002     
                  0000fffc    00000002     sysbios.ae430X : BIOS.obj (.int54)

.reset     0    0000fffe    00000002     
                  0000fffe    00000002     boot.ae430X : boot.oe430X (.reset)

xdc.meta   0    00000000    000000f2     COPY SECTION
                  00000000    000000f2     empty_min_pe430X.oe430X (xdc.meta)

xdc.noload 
*          0    00000000    00000000     COPY SECTION

.text      0    00010000    00003560     
                  00010000    000001c8     ti.targets.msp430.rts430.ae430X : Core-mem.oe430X (.text:xdc_runtime_Core_createObject__I)
                  000101c8    0000019a     sysbios.ae430X : BIOS.obj (.text:ti_sysbios_knl_Event_pend__E)
                  00010362    00000190                    : BIOS.obj (.text:ti_sysbios_knl_Semaphore_pend__E)
                  000104f2    0000016c     ti.targets.msp430.rts430.ae430X : Core-smem.oe430X (.text:xdc_runtime_Core_constructObject__I)
                  0001065e    0000013a     sysbios.ae430X : BIOS.obj (.text:ti_sysbios_heaps_HeapMem_alloc__E)
                  00010798    0000012e                    : BIOS.obj (.text:ti_sysbios_knl_Task_checkStacks__E)
                  000108c6    00000126     hal_LCD.obj (.text:ClearLCD)
                  000109ec    00000100     sysbios.ae430X : BIOS.obj (.text:ti_sysbios_knl_Swi_restoreHwi__E)
                  00010aec    000000ea     hal_LCD.obj (.text:DisplayText)
                  00010bd6    000000e2     sysbios.ae430X : BIOS.obj (.text:ti_sysbios_knl_Task_sleep__E)
                  00010cb8    000000de     hal_LCD.obj (.text:DisplayScrollText)
                  00010d96    000000dc     sysbios.ae430X : BIOS.obj (.text:ti_sysbios_knl_Swi_runLoop__I)
                  00010e72    000000cc                    : BIOS.obj (.text:ti_sysbios_knl_Task_startCore__E)
                  00010f3e    000000c6                    : BIOS.obj (.text:ti_sysbios_heaps_HeapMem_free__E)
                  00011004    000000c0     ti.targets.msp430.rts430.ae430X : Startup.oe430X (.text:xdc_runtime_Startup_startMods__I)
                  000110c4    000000b8     sysbios.ae430X : BIOS.obj (.text:ti_sysbios_knl_Task_schedule__I)
                  0001117c    000000b4                    : BIOS.obj (.text:ti_sysbios_knl_Swi_schedule__I)
                  00011230    000000b0                    : BIOS.obj (.text:ti_sysbios_knl_Swi_run__I)
                  000112e0    000000a6     hal_LCD.obj (.text:Init_LCD)
                  00011386    000000a4     sysbios.ae430X : BIOS.obj (.text:ti_sysbios_knl_Task_postInit__I)
                  0001142a    0000009c     hal_LCD.obj (.text:ShowChar)
                  000114c6    0000009a     sysbios.ae430X : BIOS.obj (.text:ti_sysbios_knl_Clock_workFunc__E)
                  00011560    00000098                    : BIOS.obj (.text:ti_sysbios_heaps_HeapMem_Instance_init__E)
                  000115f8    00000098                    : BIOS.obj (.text:ti_sysbios_knl_Event_post__E)
                  00011690    00000092                    : BIOS.obj (.text:ti_sysbios_knl_Semaphore_post__E)
                  00011722    0000008e                    : BIOS.obj (.text:ti_sysbios_family_msp430_Hwi_Module_startup__E)
                  000117b0    00000086     MSP430FR6989.lib : lcd_c.obj (.text:LCD_C_setPinAsLCDFunctionEx)
                  00011836    00000084     sysbios.ae430X : BIOS.obj (.text:ti_sysbios_knl_Semaphore_Instance_init__E)
                  000118ba    00000082                    : BIOS.obj (.text:ti_sysbios_heaps_HeapMem_getStats__E)
                  0001193c    00000080     ti.targets.msp430.rts430.ae430X : Memory.oe430X (.text:xdc_runtime_Memory_alloc__E)
                  000119bc    00000078     sysbios.ae430X : msp430_TaskSupport_asm.obj (.text:_ti_sysbios_family_msp430_TaskSupport_buildTaskStack)
                  00011a34    00000076     rts430x_lc_rd_eabi.lib : copy_decompress_lzss.obj (.text:decompress:lzss:__TI_decompress_lzss)
                  00011aaa    00000076     ti.targets.msp430.rts430.ae430X : Core-mem.oe430X (.text:xdc_runtime_Core_deleteObject__I)
                  00011b20    00000074     sysbios.ae430X : BIOS.obj (.text:ti_sysbios_family_msp430_Hwi_postInit__I)
                  00011b94    00000072                    : BIOS.obj (.text:ti_sysbios_family_msp430_Timer_periodicStub__E)
                  00011c06    00000072                    : BIOS.obj (.text:ti_sysbios_heaps_HeapMem_init__I)
                  00011c78    00000070     boot.ae430X : autoinit_wdt.oe430X (.text:_auto_init_hold_wdt)
                  00011ce8    00000068     hal_LCD.obj (.text:LCDstrupr)
                  00011d50    00000068     sysbios.ae430X : BIOS.obj (.text:ti_sysbios_knl_Swi_post__E)
                  00011db8    00000068     ti.targets.msp430.rts430.ae430X : Assert.oe430X (.text:xdc_runtime_Assert_raise__I)
                  00011e20    00000062     sysbios.ae430X : BIOS.obj (.text:ti_sysbios_knl_Task_Module_startup__E)
                  00011e82    0000005e     main.obj (.text:initgpioparcequeilfautbienetquecestrigolodefairedesnomsarallonge)
                  00011ee0    0000005e     sysbios.ae430X : BIOS.obj (.text:ti_sysbios_family_msp430_Timer_setNextTick__E)
                  00011f3e    0000005c                    : BIOS.obj (.text:ti_sysbios_family_msp430_TaskSupport_start__E)
                  00011f9a    0000005a     main.obj (.text:jesuisuneventjedetesteayaddetoutemonameetmoncorpsjepourraislebruler)
                  00011ff4    00000058     rts430x_lc_rd_eabi.lib : div32u.obj (.text)
                  0001204c    00000056     main.obj (.text:jesuisunautreevenementetjedetestetoujoursautantayadviteaubucher)
                  000120a2    00000056     sysbios.ae430X : BIOS.obj (.text:ti_sysbios_knl_Task_blockI__E)
                  000120f8    00000054                    : BIOS.obj (.text:ti_sysbios_family_msp430_Hwi_getStackInfo__E)
                  0001214c    00000054                    : BIOS.obj (.text:ti_sysbios_family_msp430_Timer_start__E)
                  000121a0    00000054                    : BIOS.obj (.text:ti_sysbios_knl_Task_processVitalTaskFlag__I)
                  000121f4    00000054                    : BIOS.obj (.text:ti_sysbios_knl_Task_unblockI__E)
                  00012248    00000052                    : BIOS.obj (.text:ti_sysbios_knl_Swi_restore__E)
                  0001229a    00000052     ti.targets.msp430.rts430.ae430X : Startup.oe430X (.text:xdc_runtime_Startup_exec__E)
                  000122ec    00000050     sysbios.ae430X : BIOS.obj (.text:ti_sysbios_family_msp430_Timer_initDevice__I)
                  0001233c    0000004e     MSP430FR6989.lib : gpio.obj (.text:GPIO_setAsInputPinWithPullUpResistor)
                  0001238a    0000004e     sysbios.ae430X : BIOS.obj (.text:ti_sysbios_knl_Task_exit__E)
                  000123d8    0000004e     ti.targets.msp430.rts430.ae430X : Core-params.oe430X (.text:xdc_runtime_Core_assignParams__I)
                  00012426    0000004a     sysbios.ae430X : BIOS.obj (.text:ti_sysbios_family_msp430_Timer_startup__E)
                  00012470    0000004a                    : BIOS.obj (.text:ti_sysbios_knl_Task_allBlockedFunction__I)
                  000124ba    00000048                    : BIOS.obj (.text:ti_sysbios_hal_Hwi_checkStack)
                  00012502    00000048                    : BIOS.obj (.text:ti_sysbios_knl_Event_pendTimeout__I)
                  0001254a    00000048                    : BIOS.obj (.text:ti_sysbios_knl_Semaphore_pendTimeout__I)
                  00012592    00000046                    : BIOS.obj (.text:ti_sysbios_family_msp430_Timer_Module_startup__E)
                  000125d8    00000042                    : BIOS.obj (.text:ti_sysbios_family_msp430_Timer_getCount__E)
                  0001261a    00000042     empty_min_pe430X.oe430X (.text:ti_sysbios_gates_GateHwi_Object__create__S)
                  0001265c    00000042     empty_min_pe430X.oe430X (.text:ti_sysbios_gates_GateMutex_Object__create__S)
                  0001269e    00000042     empty_min_pe430X.oe430X (.text:ti_sysbios_heaps_HeapMem_Object__create__S)
                  000126e0    0000003e     sysbios.ae430X : BIOS.obj (.text:ti_sysbios_knl_Clock_addI__E)
                  0001271e    0000003e     empty_min_pe430X.oe430X (.text:ti_sysbios_knl_Semaphore_construct)
                  0001275c    0000003e     ti.targets.msp430.rts430.ae430X : System.oe430X (.text:xdc_runtime_System_atexit__E)
                  0001279a    0000003c     empty_min_pe430X.oe430X (.text:ti_sysbios_family_msp430_Hwi_Object__get__S)
                  000127d6    0000003c     sysbios.ae430X : BIOS.obj (.text:ti_sysbios_hal_Hwi_initStack)
                  00012812    0000003c     empty_min_pe430X.oe430X (.text:ti_sysbios_heaps_HeapMem_Object__get__S)
                  0001284e    0000003c     empty_min_pe430X.oe430X (.text:ti_sysbios_knl_Swi_Object__get__S)
                  0001288a    0000003c     empty_min_pe430X.oe430X (.text:ti_sysbios_knl_Task_Object__get__S)
                  000128c6    0000003c     ti.targets.msp430.rts430.ae430X : System.oe430X (.text:xdc_runtime_System_processAtExit__E)
                  00012902    0000003a     main.obj (.text:jesuisunetachedinterruptnommeedemaniereparticulierementdouteuseetlonguemaisonsenfouspuisquelecompilateurestsuffisamentbonpouroptimisertoutapparament)
                  0001293c    0000003a     sysbios.ae430X : BIOS.obj (.text:ti_sysbios_family_msp430_Hwi37_p2)
                  00012976    0000003a     empty_min_pe430X.oe430X (.text:ti_sysbios_knl_Queue_construct)
                  000129b0    00000038     MSP430FR6989.lib : gpio.obj (.text:GPIO_setAsOutputPin)
                  000129e8    00000038     sysbios.ae430X : BIOS.obj (.text:ti_sysbios_family_msp430_Hwi44_p2)
                  00012a20    00000036                    : BIOS.obj (.text:ti_sysbios_gates_GateMutex_enter__E)
                  00012a56    00000036     ti.targets.msp430.rts430.ae430X : Error.oe430X (.text:xdc_runtime_Error_raiseX__E)
                  00012a8c    00000032     sysbios.ae430X : BIOS.obj (.text:ti_sysbios_family_msp430_Timer_postInit__I)
                  00012abe    00000032                    : BIOS.obj (.text:ti_sysbios_family_msp430_Timer_stop__E)
                  00012af0    00000032                    : msp430_Hwi_switch_asm.obj (.text:ti_sysbios_family_xxx_Hwi_switchAndRunFunc)
                  00012b22    00000032     ti.targets.msp430.rts430.ae430X : Core-label.oe430X (.text:xdc_runtime_Core_assignLabel__I)
                  00012b54    00000030     MSP430FR6989.lib : lcd_c.obj (.text:LCD_C_init)
                  00012b84    00000030                      : lcd_c.obj (.text:setLCDFunction)
                  00012bb4    00000030     sysbios.ae430X : BIOS.obj (.text:ti_sysbios_knl_Queue_put__E)
                  00012be4    00000030                    : BIOS.obj (.text:ti_sysbios_knl_Task_restore__E)
                  00012c14    0000002e     MSP430FR6989.lib : gpio.obj (.text:GPIO_selectInterruptEdge)
                  00012c42    0000002e                      : lcd_c.obj (.text:LCD_C_setVLCDSource)
                  00012c70    0000002c     MSPMPU_INIT_LIB_CCS_msp430_large_code_restricted_data.lib : mpu_init.o (.text:__mpu_init)
                  00012c9c    0000002c     empty_min_pe430X.oe430X (.text:ti_sysbios_knl_Clock_doTick__I)
                  00012cc8    0000002a     empty_min_pe430X.oe430X (.text:ti_sysbios_BIOS_atExitFunc__I)
                  00012cf2    0000002a     sysbios.ae430X : BIOS.obj (.text:ti_sysbios_knl_Clock_Module_startup__E)
                  00012d1c    0000002a                    : BIOS.obj (.text:ti_sysbios_knl_Task_sleepTimeout__I)
                  00012d46    00000028     empty_min_pe430X.oe430X (.text:ti_sysbios_BIOS_startFunc__I)
                  00012d6e    00000028     ti.targets.msp430.rts430.ae430X : Text.oe430X (.text:xdc_runtime_Text_cordText__E)
                  00012d96    00000026     main.obj (.text:main)
                  00012dbc    00000026     empty_min_pe430X.oe430X (.text:ti_sysbios_gates_GateMutex_Object__delete__S)
                  00012de2    00000026     sysbios.ae430X : BIOS.obj (.text:ti_sysbios_knl_Swi_Module_startup__E)
                  00012e08    00000024     rts430x_lc_rd_eabi.lib : copy_zero_init.obj (.text:decompress:ZI:__TI_zero_init)
                  00012e2c    00000024                            : mult32_f5hw.obj (.text)
                  00012e50    00000024     empty_min_pe430X.oe430X (.text:ti_sysbios_BIOS_rtsLock__I)
                  00012e74    00000024     empty_min_pe430X.oe430X (.text:ti_sysbios_gates_GateHwi_Object__delete__S)
                  00012e98    00000024     empty_min_pe430X.oe430X (.text:ti_sysbios_heaps_HeapMem_Object__delete__S)
                  00012ebc    00000024     sysbios.ae430X : BIOS.obj (.text:ti_sysbios_knl_Semaphore_Instance_finalize__E)
                  00012ee0    00000022     MSP430FR6989.lib : gpio.obj (.text:GPIO_getInterruptStatus)
                  00012f02    00000022     sysbios.ae430X : BIOS.obj (.text:ti_sysbios_knl_Clock_startI__E)
                  00012f24    00000022                    : BIOS.obj (.text:ti_sysbios_knl_Idle_run__E)
                  00012f46    00000022                    : BIOS.obj (.text:ti_sysbios_knl_Task_restoreHwi__E)
                  00012f68    00000022     ti.targets.msp430.rts430.ae430X : Memory.oe430X (.text:xdc_runtime_Memory_valloc__E)
                  00012f8a    00000020                                     : Error.oe430X (.text:xdc_runtime_Error_check__E)
                  00012faa    0000001e     MSP430FR6989.lib : gpio.obj (.text:GPIO_clearInterrupt)
                  00012fc8    0000001e                      : gpio.obj (.text:GPIO_enableInterrupt)
                  00012fe6    0000001e     empty_min_pe430X.oe430X (.text:ti_sysbios_BIOS_rtsUnlock__I)
                  00013004    0000001e     empty_min_pe430X.oe430X (.text:ti_sysbios_gates_GateHwi_Handle__label__S)
                  00013022    0000001e     empty_min_pe430X.oe430X (.text:ti_sysbios_gates_GateMutex_Handle__label__S)
                  00013040    0000001e     sysbios.ae430X : BIOS.obj (.text:ti_sysbios_gates_GateMutex_Instance_init__E)
                  0001305e    0000001e                    : BIOS.obj (.text:ti_sysbios_gates_GateMutex_leave__E)
                  0001307c    0000001e     empty_min_pe430X.oe430X (.text:ti_sysbios_heaps_HeapMem_Handle__label__S)
                  0001309a    0000001e     sysbios.ae430X : BIOS.obj (.text:ti_sysbios_knl_Task_enter__I)
                  000130b8    0000001c     ti.catalog.msp430.init.ae430X : Boot.oe430X (.text:.bootCodeSection:ti_catalog_msp430_init_Boot_configureDCO_CS_A)
                  000130d4    0000001c     MSP430FR6989.lib : gpio.obj (.text:GPIO_setOutputLowOnPin)
                  000130f0    0000001c                      : gpio.obj (.text:GPIO_toggleOutputOnPin)
                  0001310c    0000001c                      : lcd_c.obj (.text:LCD_C_configChargePump)
                  00013128    0000001c     sysbios.ae430X : msp430_TaskSupport_asm.obj (.text:_ti_sysbios_family_msp430_TaskSupport_swap__E)
                  00013144    0000001c     empty_min_pe430X.oe430X (.text:ti_sysbios_family_msp430_Hwi_Module__startupDone__F)
                  00013160    0000001c     empty_min_pe430X.oe430X (.text:ti_sysbios_family_msp430_Timer_Module__startupDone__F)
                  0001317c    0000001c     sysbios.ae430X : BIOS.obj (.text:ti_sysbios_knl_Task_unblock__E)
                  00013198    0000001a     MSP430FR6989.lib : wdt_a.obj (.text:WDT_A_hold)
                  000131b2    0000001a     main.obj (.text:tache1parcequeilfautbienetquecestrigolodefairedesnomsarallonge)
                  000131cc    0000001a     empty_min_pe430X.oe430X (.text:ti_sysbios_BIOS_exitFunc__I)
                  000131e6    0000001a     empty_min_pe430X.oe430X (.text:ti_sysbios_BIOS_registerRTSLock__I)
                  00013200    0000001a     empty_min_pe430X.oe430X (.text:ti_sysbios_BIOS_removeRTSLock__I)
                  0001321a    0000001a     sysbios.ae430X : BIOS.obj (.text:ti_sysbios_knl_Event_checkEvents__I)
                  00013234    0000001a     empty_min_pe430X.oe430X (.text:ti_sysbios_knl_Semaphore_Object__destruct__S)
                  0001324e    00000018     rts430x_lc_rd_eabi.lib : mult16_f5hw.obj (.text)
                  00013266    00000018     sysbios.ae430X : BIOS.obj (.text:ti_sysbios_BIOS_setThreadType__E)
                  0001327e    00000018     empty_min_pe430X.oe430X (.text:ti_sysbios_knl_Queue_Object__destruct__S)
                  00013296    00000016     rts430x_lc_rd_eabi.lib : memset.obj (.text:memset)
                  000132ac    00000016                            : div16u.obj (.text)
                  000132c2    00000016     ti.targets.msp430.rts430.ae430X : System.oe430X (.text:xdc_runtime_System_abort__E)
                  000132d8    00000014     MSP430FR6989.lib : lcd_c.obj (.text:LCD_C_selectChargePumpReference)
                  000132ec    00000014                      : lcd_c.obj (.text:LCD_C_setVLCDVoltage)
                  00013300    00000014     rts430x_lc_rd_eabi.lib : memcpy.obj (.text:memcpy)
                  00013314    00000014     empty_min_pe430X.oe430X (.text:ti_sysbios_knl_Queue_Object__get__S)
                  00013328    00000014     ti.targets.msp430.rts430.ae430X : Memory.oe430X (.text:xdc_runtime_Memory_calloc__E)
                  0001333c    00000014     empty_min_pe430X.oe430X (.text:xdc_runtime_Startup_exec__I)
                  00013350    00000014     ti.targets.msp430.rts430.ae430X : Text.oe430X (.text:xdc_runtime_Text_ropeText__E)
                  00013364    00000012     rts430x_lc_rd_eabi.lib : copy_decompress_none.obj (.text:decompress:none:__TI_decompress_none)
                  00013376    00000012     sysbios.ae430X : BIOS.obj (.text:ti_sysbios_gates_GateHwi_leave__E)
                  00013388    00000012     ti.targets.msp430.rts430.ae430X : System.oe430X (.text:xdc_runtime_System_exit__E)
                  0001339a    00000010     sysbios.ae430X : msp430_TaskSupport_asm.obj (.text:_ti_sysbios_family_msp430_TaskSupport_glue)
                  000133aa    00000010                    : BIOS.obj (.text:ti_sysbios_family_msp430_TaskSupport_checkStack__E)
                  000133ba    00000010                    : BIOS.obj (.text:ti_sysbios_hal_Hwi_Module_startup__E)
                  000133ca    00000010                    : BIOS.obj (.text:ti_sysbios_knl_Event_sync__E)
                  000133da    0000000e     MSP430FR6989.lib : lcd_c.obj (.text:LCD_C_enableChargePump)
                  000133e8    0000000e     rts430x_lc_rd_eabi.lib : strlen.obj (.text:strlen)
                  000133f6    0000000e     sysbios.ae430X : BIOS.obj (.text:ti_sysbios_family_msp430_Timer_getMaxTicks__E)
                  00013404    0000000e                    : BIOS.obj (.text:ti_sysbios_gates_GateMutex_Instance_finalize__E)
                  00013412    0000000e                    : BIOS.obj (.text:ti_sysbios_knl_Queue_empty__E)
                  00013420    0000000e                    : BIOS.obj (.text:ti_sysbios_knl_Swi_disable__E)
                  0001342e    0000000e                    : BIOS.obj (.text:ti_sysbios_knl_Task_disable__E)
                  0001343c    0000000c     empty_min_pe430X.oe430X (.text:.bootCodeSection:ti_catalog_msp430_init_Boot_init)
                  00013448    0000000c     MSP430FR6989.lib : lcd_c.obj (.text:LCD_C_clearMemory)
                  00013454    0000000c     ti.targets.msp430.rts430.ae430X : Gate.oe430X (.text:xdc_runtime_Gate_leaveSystem__E)
                  00013460    0000000c                                     : Memory.oe430X (.text:xdc_runtime_Memory_free__E)
                  0001346c    0000000c                                     : Startup.oe430X (.text:xdc_runtime_Startup_rtsDone__E)
                  00013478    0000000a     rts430x_lc_rd_eabi.lib : lsl16.obj (.text)
                  00013482    0000000a                            : lsr16.obj (.text)
                  0001348c    0000000a     sysbios.ae430X : BIOS.obj (.text:ti_sysbios_BIOS_start__E)
                  00013496    0000000a                    : BIOS.obj (.text:ti_sysbios_family_msp430_Hwi_startup__E)
                  000134a0    0000000a                    : BIOS.obj (.text:ti_sysbios_gates_GateHwi_enter__E)
                  000134aa    0000000a                    : BIOS.obj (.text:ti_sysbios_knl_Queue_Instance_init__E)
                  000134b4    00000008     ti.catalog.msp430.init.ae430X : Boot.oe430X (.text:.bootCodeSection:ti_catalog_msp430_init_Boot_disableWatchdog)
                  000134bc    00000008     sysbios.ae430X : BIOS.obj (.text:ti_sysbios_family_msp430_Hwi_switchFromBootStack__E)
                  000134c4    00000008     ti.targets.msp430.rts430.ae430X : Gate.oe430X (.text:xdc_runtime_Gate_enterSystem__E)
                  000134cc    00000008     empty_min_pe430X.oe430X (.text:xdc_runtime_IHeap_alloc)
                  000134d4    00000008     empty_min_pe430X.oe430X (.text:xdc_runtime_IHeap_free)
                  000134dc    00000008     ti.targets.msp430.rts430.ae430X : Memory.oe430X (.text:xdc_runtime_Memory_getMaxDefaultTypeAlign__E)
                  000134e4    00000006     MSP430FR6989.lib : lcd_c.obj (.text:LCD_C_on)
                  000134ea    00000006     rts430x_lc_rd_eabi.lib : _lock.obj (.text:_register_lock)
                  000134f0    00000006                            : _lock.obj (.text:_register_unlock)
                  000134f6    00000006     sysbios.ae430X : BIOS.obj (.text:ti_sysbios_heaps_HeapMem_isBlocking__E)
                  000134fc    00000006                    : BIOS.obj (.text:ti_sysbios_knl_Idle_loop__E)
                  00013502    00000006                    : BIOS.obj (.text:ti_sysbios_knl_Swi_startup__E)
                  00013508    00000004     boot.ae430X : pre_init.oe430X (.text:_system_pre_init)
                  0001350c    00000004     empty_min_pe430X.oe430X (.text:ti_sysbios_BIOS_RtsGateProxy_enter__E)
                  00013510    00000004     empty_min_pe430X.oe430X (.text:ti_sysbios_BIOS_RtsGateProxy_leave__E)
                  00013514    00000004     empty_min_pe430X.oe430X (.text:ti_sysbios_family_msp430_TaskSupport_Module__startupDone__S)
                  00013518    00000004     sysbios.ae430X : BIOS.obj (.text:ti_sysbios_gates_GateHwi_query__E)
                  0001351c    00000004                    : BIOS.obj (.text:ti_sysbios_gates_GateMutex_query__E)
                  00013520    00000004     empty_min_pe430X.oe430X (.text:ti_sysbios_heaps_HeapMem_Module_GateProxy_enter__E)
                  00013524    00000004     empty_min_pe430X.oe430X (.text:ti_sysbios_heaps_HeapMem_Module_GateProxy_leave__E)
                  00013528    00000004     empty_min_pe430X.oe430X (.text:ti_sysbios_knl_Clock_TimerProxy_getMaxTicks__E)
                  0001352c    00000004     empty_min_pe430X.oe430X (.text:ti_sysbios_knl_Queue_destruct)
                  00013530    00000004     empty_min_pe430X.oe430X (.text:ti_sysbios_knl_Semaphore_destruct)
                  00013534    00000004     sysbios.ae430X : BIOS.obj (.text:ti_sysbios_knl_Task_startup__E)
                  00013538    00000004     ti.targets.msp430.rts430.ae430X : SysCallback.oe430X (.text:xdc_runtime_SysCallback_abort__E)
                  0001353c    00000004                                     : SysCallback.oe430X (.text:xdc_runtime_SysCallback_exit__E)
                  00013540    00000004     empty_min_pe430X.oe430X (.text:xdc_runtime_System_Module_GateProxy_enter__E)
                  00013544    00000004     empty_min_pe430X.oe430X (.text:xdc_runtime_System_Module_GateProxy_leave__E)
                  00013548    00000004     ti.targets.msp430.rts430.ae430X : System.oe430X (.text:xdc_runtime_System_Module_startup__E)
                  0001354c    00000002     rts430x_lc_rd_eabi.lib : _lock.obj (.text:_nop)
                  0001354e    00000002     sysbios.ae430X : BIOS.obj (.text:ti_sysbios_BIOS_linkedWithIncorrectBootLibrary__E)
                  00013550    00000002     empty_min_pe430X.oe430X (.text:ti_sysbios_BIOS_nullFunc__I)
                  00013552    00000002     sysbios.ae430X : BIOS.obj (.text:ti_sysbios_gates_GateHwi_Instance_init__E)
                  00013554    00000002                    : BIOS.obj (.text:ti_sysbios_knl_Clock_logTick__E)
                  00013556    00000002     ti.targets.msp430.rts430.ae430X : Error.oe430X (.text:xdc_runtime_Error_policySpin__E)
                  00013558    00000002                                     : SysCallback.oe430X (.text:xdc_runtime_SysCallback_defaultAbort)
                  0001355a    00000002                                     : SysCallback.oe430X (.text:xdc_runtime_SysCallback_defaultExit)
                  0001355c    00000002                                     : System.oe430X (.text:xdc_runtime_System_abortSpin__E)
                  0001355e    00000002                                     : System.oe430X (.text:xdc_runtime_System_exitSpin__E)

MODULE SUMMARY

       Module                       code    ro data   rw data
       ------                       ----    -------   -------
    .\
       hal_LCD.obj                  1176    90        70     
       main.obj                     392     74        0      
    +--+----------------------------+-------+---------+---------+
       Total:                       1568    164       70     
                                                             
    C:\Users\l.heywang\Desktop\work\TP_RTOS2\Debug\configPkg\package\cfg\
       empty_min_pe430X.oe430X      1244    691       3006   
    +--+----------------------------+-------+---------+---------+
       Total:                       1244    691       3006   
                                                             
    C:/ti/tirtos_msp43x_2_20_00_06/products/msp430_driverlib_2_70_01_01a/driverlib/MSP430FR5xx_6xx/ccs/MSP430FR6989.lib
       lcd_c.obj                    376     0         0      
       gpio.obj                     330     28        0      
       wdt_a.obj                    26      0         0      
    +--+----------------------------+-------+---------+---------+
       Total:                       732     28        0      
                                                             
    C:\Users\l.heywang\Desktop\work\TP_RTOS2\src\sysbios\sysbios.ae430X
       BIOS.obj                     7386    88        0      
       msp430_TaskSupport_asm.obj   164     0         0      
       msp430_Hwi_switch_asm.obj    50      0         0      
    +--+----------------------------+-------+---------+---------+
       Total:                       7600    88        0      
                                                             
    C:\ti\ccs1271\ccs\ccs_base\msp430\lib\FR59xx\MSPMPU_INIT_LIB_CCS_msp430_large_code_restricted_data.lib
       mpu_init.o                   44      0         0      
    +--+----------------------------+-------+---------+---------+
       Total:                       44      0         0      
                                                             
    C:\ti\ccs1271\ccs\tools\compiler\ti-cgt-msp430_16.9.11.LTS\lib\rts430x_lc_rd_eabi.lib
       copy_decompress_lzss.obj     118     0         0      
       div32u.obj                   88      0         0      
       copy_zero_init.obj           36      0         0      
       mult32_f5hw.obj              36      0         0      
       mult16_f5hw.obj              24      0         0      
       _lock.obj                    14      0         8      
       div16u.obj                   22      0         0      
       memset.obj                   22      0         0      
       memcpy.obj                   20      0         0      
       copy_decompress_none.obj     18      0         0      
       strlen.obj                   14      0         0      
       lsl16.obj                    10      0         0      
       lsr16.obj                    10      0         0      
    +--+----------------------------+-------+---------+---------+
       Total:                       432     0         8      
                                                             
    C:\ti\tirtos_msp43x_2_20_00_06\products\bios_6_46_00_23\packages\ti\catalog\msp430\init\lib\ti.catalog.msp430.init.ae430X
       Boot.oe430X                  36      0         0      
    +--+----------------------------+-------+---------+---------+
       Total:                       36      0         0      
                                                             
    C:\ti\tirtos_msp43x_2_20_00_06\products\bios_6_46_00_23\packages\ti\targets\msp430\rts430\lib\boot.ae430X
       autoinit_wdt.oe430X          112     0         0      
       boot_special.oe430X          42      0         0      
       pre_init.oe430X              4       0         0      
       boot.oe430X                  0       2         0      
    +--+----------------------------+-------+---------+---------+
       Total:                       158     2         0      
                                                             
    C:\ti\tirtos_msp43x_2_20_00_06\products\bios_6_46_00_23\packages\ti\targets\msp430\rts430\lib\ti.targets.msp430.rts430.ae430X
       Core-mem.oe430X              574     0         0      
       Core-smem.oe430X             364     0         0      
       Startup.oe430X               286     42        0      
       Memory.oe430X                202     0         0      
       System.oe430X                170     0         0      
       Assert.oe430X                104     6         0      
       Error.oe430X                 88      0         0      
       Core-params.oe430X           78      0         0      
       Text.oe430X                  60      0         0      
       Core-label.oe430X            50      0         0      
       Gate.oe430X                  20      0         0      
       SysCallback.oe430X           12      0         0      
    +--+----------------------------+-------+---------+---------+
       Total:                       2008    48        0      
                                                             
       Stack:                       0       0         768    
       Linker Generated:            0       458       0      
    +--+----------------------------+-------+---------+---------+
       Grand Total:                 13822   1479      3852   


LINKER GENERATED COPY TABLES

__TI_cinit_table @ 00005a1c records: 2, size/record: 8, table size: 16
	.data: load addr=00005862, load size=000001a8 bytes, run addr=00004c40, run size=000003cc bytes, compression=lzss
	.bss: load addr=00005a16, load size=00000006 bytes, run addr=00004400, run size=00000840 bytes, compression=zero_init


LINKER GENERATED HANDLER TABLE

__TI_handler_table @ 00005a0a records: 3, size/record: 4, table size: 12
	index: 0, handler: __TI_zero_init
	index: 1, handler: __TI_decompress_lzss
	index: 2, handler: __TI_decompress_none


GLOBAL SYMBOLS: SORTED ALPHABETICALLY BY Name 

address   name                                                                                                                                                  
-------   ----                                                                                                                                                  
00000800  ADC12CTL0                                                                                                                                             
00000801  ADC12CTL0_H                                                                                                                                           
00000800  ADC12CTL0_L                                                                                                                                           
00000802  ADC12CTL1                                                                                                                                             
00000803  ADC12CTL1_H                                                                                                                                           
00000802  ADC12CTL1_L                                                                                                                                           
00000804  ADC12CTL2                                                                                                                                             
00000805  ADC12CTL2_H                                                                                                                                           
00000804  ADC12CTL2_L                                                                                                                                           
00000806  ADC12CTL3                                                                                                                                             
00000807  ADC12CTL3_H                                                                                                                                           
00000806  ADC12CTL3_L                                                                                                                                           
0000080a  ADC12HI                                                                                                                                               
0000080b  ADC12HI_H                                                                                                                                             
0000080a  ADC12HI_L                                                                                                                                             
00000812  ADC12IER0                                                                                                                                             
00000813  ADC12IER0_H                                                                                                                                           
00000812  ADC12IER0_L                                                                                                                                           
00000814  ADC12IER1                                                                                                                                             
00000815  ADC12IER1_H                                                                                                                                           
00000814  ADC12IER1_L                                                                                                                                           
00000816  ADC12IER2                                                                                                                                             
00000817  ADC12IER2_H                                                                                                                                           
00000816  ADC12IER2_L                                                                                                                                           
0000080c  ADC12IFGR0                                                                                                                                            
0000080d  ADC12IFGR0_H                                                                                                                                          
0000080c  ADC12IFGR0_L                                                                                                                                          
0000080e  ADC12IFGR1                                                                                                                                            
0000080f  ADC12IFGR1_H                                                                                                                                          
0000080e  ADC12IFGR1_L                                                                                                                                          
00000810  ADC12IFGR2                                                                                                                                            
00000811  ADC12IFGR2_H                                                                                                                                          
00000810  ADC12IFGR2_L                                                                                                                                          
00000818  ADC12IV                                                                                                                                               
00000819  ADC12IV_H                                                                                                                                             
00000818  ADC12IV_L                                                                                                                                             
00000808  ADC12LO                                                                                                                                               
00000809  ADC12LO_H                                                                                                                                             
00000808  ADC12LO_L                                                                                                                                             
00000820  ADC12MCTL0                                                                                                                                            
00000821  ADC12MCTL0_H                                                                                                                                          
00000820  ADC12MCTL0_L                                                                                                                                          
00000822  ADC12MCTL1                                                                                                                                            
00000834  ADC12MCTL10                                                                                                                                           
00000835  ADC12MCTL10_H                                                                                                                                         
00000834  ADC12MCTL10_L                                                                                                                                         
00000836  ADC12MCTL11                                                                                                                                           
00000837  ADC12MCTL11_H                                                                                                                                         
00000836  ADC12MCTL11_L                                                                                                                                         
00000838  ADC12MCTL12                                                                                                                                           
00000839  ADC12MCTL12_H                                                                                                                                         
00000838  ADC12MCTL12_L                                                                                                                                         
0000083a  ADC12MCTL13                                                                                                                                           
0000083b  ADC12MCTL13_H                                                                                                                                         
0000083a  ADC12MCTL13_L                                                                                                                                         
0000083c  ADC12MCTL14                                                                                                                                           
0000083d  ADC12MCTL14_H                                                                                                                                         
0000083c  ADC12MCTL14_L                                                                                                                                         
0000083e  ADC12MCTL15                                                                                                                                           
0000083f  ADC12MCTL15_H                                                                                                                                         
0000083e  ADC12MCTL15_L                                                                                                                                         
00000840  ADC12MCTL16                                                                                                                                           
00000841  ADC12MCTL16_H                                                                                                                                         
00000840  ADC12MCTL16_L                                                                                                                                         
00000842  ADC12MCTL17                                                                                                                                           
00000843  ADC12MCTL17_H                                                                                                                                         
00000842  ADC12MCTL17_L                                                                                                                                         
00000844  ADC12MCTL18                                                                                                                                           
00000845  ADC12MCTL18_H                                                                                                                                         
00000844  ADC12MCTL18_L                                                                                                                                         
00000846  ADC12MCTL19                                                                                                                                           
00000847  ADC12MCTL19_H                                                                                                                                         
00000846  ADC12MCTL19_L                                                                                                                                         
00000823  ADC12MCTL1_H                                                                                                                                          
00000822  ADC12MCTL1_L                                                                                                                                          
00000824  ADC12MCTL2                                                                                                                                            
00000848  ADC12MCTL20                                                                                                                                           
00000849  ADC12MCTL20_H                                                                                                                                         
00000848  ADC12MCTL20_L                                                                                                                                         
0000084a  ADC12MCTL21                                                                                                                                           
0000084b  ADC12MCTL21_H                                                                                                                                         
0000084a  ADC12MCTL21_L                                                                                                                                         
0000084c  ADC12MCTL22                                                                                                                                           
0000084d  ADC12MCTL22_H                                                                                                                                         
0000084c  ADC12MCTL22_L                                                                                                                                         
0000084e  ADC12MCTL23                                                                                                                                           
0000084f  ADC12MCTL23_H                                                                                                                                         
0000084e  ADC12MCTL23_L                                                                                                                                         
00000850  ADC12MCTL24                                                                                                                                           
00000851  ADC12MCTL24_H                                                                                                                                         
00000850  ADC12MCTL24_L                                                                                                                                         
00000852  ADC12MCTL25                                                                                                                                           
00000853  ADC12MCTL25_H                                                                                                                                         
00000852  ADC12MCTL25_L                                                                                                                                         
00000854  ADC12MCTL26                                                                                                                                           
00000855  ADC12MCTL26_H                                                                                                                                         
00000854  ADC12MCTL26_L                                                                                                                                         
00000856  ADC12MCTL27                                                                                                                                           
00000857  ADC12MCTL27_H                                                                                                                                         
00000856  ADC12MCTL27_L                                                                                                                                         
00000858  ADC12MCTL28                                                                                                                                           
00000859  ADC12MCTL28_H                                                                                                                                         
00000858  ADC12MCTL28_L                                                                                                                                         
0000085a  ADC12MCTL29                                                                                                                                           
0000085b  ADC12MCTL29_H                                                                                                                                         
0000085a  ADC12MCTL29_L                                                                                                                                         
00000825  ADC12MCTL2_H                                                                                                                                          
00000824  ADC12MCTL2_L                                                                                                                                          
00000826  ADC12MCTL3                                                                                                                                            
0000085c  ADC12MCTL30                                                                                                                                           
0000085d  ADC12MCTL30_H                                                                                                                                         
0000085c  ADC12MCTL30_L                                                                                                                                         
0000085e  ADC12MCTL31                                                                                                                                           
0000085f  ADC12MCTL31_H                                                                                                                                         
0000085e  ADC12MCTL31_L                                                                                                                                         
00000827  ADC12MCTL3_H                                                                                                                                          
00000826  ADC12MCTL3_L                                                                                                                                          
00000828  ADC12MCTL4                                                                                                                                            
00000829  ADC12MCTL4_H                                                                                                                                          
00000828  ADC12MCTL4_L                                                                                                                                          
0000082a  ADC12MCTL5                                                                                                                                            
0000082b  ADC12MCTL5_H                                                                                                                                          
0000082a  ADC12MCTL5_L                                                                                                                                          
0000082c  ADC12MCTL6                                                                                                                                            
0000082d  ADC12MCTL6_H                                                                                                                                          
0000082c  ADC12MCTL6_L                                                                                                                                          
0000082e  ADC12MCTL7                                                                                                                                            
0000082f  ADC12MCTL7_H                                                                                                                                          
0000082e  ADC12MCTL7_L                                                                                                                                          
00000830  ADC12MCTL8                                                                                                                                            
00000831  ADC12MCTL8_H                                                                                                                                          
[...]
00013040  ti_sysbios_gates_GateMutex_Instance_init__E                                                                                                           
0001305e  ti_sysbios_gates_GateMutex_leave__E                                                                                                                   
0001307c  ti_sysbios_heaps_HeapMem_Handle__label__S                                                                                                             
0001307c  xdc_runtime_Memory_HeapProxy_Handle__label__S                                                                                                         
0001309a  ti_sysbios_knl_Task_enter__I                                                                                                                          
000130b8  ti_catalog_msp430_init_Boot_configureDCO_CS_A                                                                                                         
000130d4  GPIO_setOutputLowOnPin                                                                                                                                
000130f0  GPIO_toggleOutputOnPin                                                                                                                                
0001310c  LCD_C_configChargePump                                                                                                                                
00013128  _ti_sysbios_family_msp430_TaskSupport_swap__E                                                                                                         
00013128  ti_sysbios_family_msp430_TaskSupport_swap__E                                                                                                          
00013128  ti_sysbios_knl_Task_SupportProxy_swap__E                                                                                                              
00013144  ti_sysbios_family_msp430_Hwi_Module__startupDone__F                                                                                                   
00013144  ti_sysbios_family_msp430_Hwi_Module__startupDone__S                                                                                                   
00013144  ti_sysbios_hal_Hwi_HwiProxy_Module__startupDone__S                                                                                                    
00013160  ti_sysbios_family_msp430_Timer_Module__startupDone__F                                                                                                 
00013160  ti_sysbios_family_msp430_Timer_Module__startupDone__S                                                                                                 
00013160  ti_sysbios_knl_Clock_TimerProxy_Module__startupDone__S                                                                                                
0001317c  ti_sysbios_knl_Task_unblock__E                                                                                                                        
00013198  WDT_A_hold                                                                                                                                            
000131b2  tache1parcequeilfautbienetquecestrigolodefairedesnomsarallonge                                                                                        
000131cc  ti_sysbios_BIOS_exitFunc__I                                                                                                                           
000131e6  ti_sysbios_BIOS_registerRTSLock__I                                                                                                                    
00013200  ti_sysbios_BIOS_removeRTSLock__I                                                                                                                      
0001321a  ti_sysbios_knl_Event_checkEvents__I                                                                                                                   
00013234  ti_sysbios_knl_Semaphore_Object__destruct__S                                                                                                          
0001324e  __mspabi_mpyi_f5hw                                                                                                                                    
00013266  ti_sysbios_BIOS_setThreadType__E                                                                                                                      
0001327e  ti_sysbios_knl_Queue_Object__destruct__S                                                                                                              
00013296  memset                                                                                                                                                
000132ac  __mspabi_divu                                                                                                                                         
000132ac  __mspabi_remu                                                                                                                                         
000132c2  xdc_runtime_System_abort__E                                                                                                                           
000132d8  LCD_C_selectChargePumpReference                                                                                                                       
000132ec  LCD_C_setVLCDVoltage                                                                                                                                  
00013300  memcpy                                                                                                                                                
00013314  ti_sysbios_knl_Queue_Object__get__S                                                                                                                   
00013328  xdc_runtime_Memory_calloc__E                                                                                                                          
0001333c  xdc_runtime_Startup_exec__I                                                                                                                           
00013350  xdc_runtime_Text_ropeText__E                                                                                                                          
00013364  __TI_decompress_none                                                                                                                                  
00013376  ti_sysbios_gates_GateHwi_leave__E                                                                                                                     
00013388  xdc_runtime_System_exit__E                                                                                                                            
0001339a  _ti_sysbios_family_msp430_TaskSupport_glue                                                                                                            
0001339a  ti_sysbios_family_msp430_TaskSupport_glue                                                                                                             
000133aa  ti_sysbios_family_msp430_TaskSupport_checkStack__E                                                                                                    
000133aa  ti_sysbios_knl_Task_SupportProxy_checkStack__E                                                                                                        
000133ba  ti_sysbios_hal_Hwi_Module_startup__E                                                                                                                  
000133ca  ti_sysbios_knl_Event_sync__E                                                                                                                          
000133da  LCD_C_enableChargePump                                                                                                                                
000133e8  strlen                                                                                                                                                
000133f6  ti_sysbios_family_msp430_Timer_getMaxTicks__E                                                                                                         
00013404  ti_sysbios_gates_GateMutex_Instance_finalize__E                                                                                                       
00013412  ti_sysbios_knl_Queue_empty__E                                                                                                                         
00013420  ti_sysbios_knl_Swi_disable__E                                                                                                                         
0001342e  ti_sysbios_knl_Task_disable__E                                                                                                                        
0001343c  ti_catalog_msp430_init_Boot_init                                                                                                                      
0001343c  xdc_runtime_Startup_reset__I                                                                                                                          
00013448  LCD_C_clearMemory                                                                                                                                     
00013454  xdc_runtime_Gate_leaveSystem__E                                                                                                                       
00013460  xdc_runtime_Memory_free__E                                                                                                                            
0001346c  xdc_runtime_Startup_rtsDone__E                                                                                                                        
00013478  __mspabi_slli                                                                                                                                         
00013482  __mspabi_srli                                                                                                                                         
0001348c  ti_sysbios_BIOS_start__E                                                                                                                              
00013496  ti_sysbios_family_msp430_Hwi_startup__E                                                                                                               
00013496  ti_sysbios_hal_Hwi_HwiProxy_startup__E                                                                                                                
00013496  ti_sysbios_hal_Hwi_startup__E                                                                                                                         
000134a0  ti_sysbios_gates_GateHwi_enter__E                                                                                                                     
000134aa  ti_sysbios_knl_Queue_Instance_init__E                                                                                                                 
000134b4  ti_catalog_msp430_init_Boot_disableWatchdog                                                                                                           
000134bc  ti_sysbios_family_msp430_Hwi_switchFromBootStack__E                                                                                                   
000134bc  ti_sysbios_hal_Hwi_HwiProxy_switchFromBootStack__E                                                                                                    
000134bc  ti_sysbios_hal_Hwi_switchFromBootStack__E                                                                                                             
000134c4  xdc_runtime_Gate_enterSystem__E                                                                                                                       
000134cc  xdc_runtime_Memory_HeapProxy_alloc__E                                                                                                                 
000134d4  xdc_runtime_Memory_HeapProxy_free__E                                                                                                                  
000134dc  xdc_runtime_Memory_getMaxDefaultTypeAlign__E                                                                                                          
000134e4  LCD_C_on                                                                                                                                              
000134ea  _register_lock                                                                                                                                        
000134f0  _register_unlock                                                                                                                                      
000134f6  ti_sysbios_heaps_HeapMem_isBlocking__E                                                                                                                
000134fc  ti_sysbios_knl_Idle_loop__E                                                                                                                           
00013502  ti_sysbios_knl_Swi_startup__E                                                                                                                         
00013508  _system_pre_init                                                                                                                                      
0001350c  ti_sysbios_BIOS_RtsGateProxy_enter__E                                                                                                                 
00013510  ti_sysbios_BIOS_RtsGateProxy_leave__E                                                                                                                 
00013514  ti_sysbios_family_msp430_TaskSupport_Module__startupDone__S                                                                                           
00013514  ti_sysbios_knl_Task_SupportProxy_Module__startupDone__S                                                                                               
00013518  ti_sysbios_gates_GateHwi_query__E                                                                                                                     
00013518  xdc_runtime_Main_Module_GateProxy_query__E                                                                                                            
00013518  xdc_runtime_System_Module_GateProxy_query__E                                                                                                          
0001351c  ti_sysbios_BIOS_RtsGateProxy_query__E                                                                                                                 
0001351c  ti_sysbios_gates_GateMutex_query__E                                                                                                                   
0001351c  ti_sysbios_heaps_HeapMem_Module_GateProxy_query__E                                                                                                    
00013520  ti_sysbios_heaps_HeapMem_Module_GateProxy_enter__E                                                                                                    
00013524  ti_sysbios_heaps_HeapMem_Module_GateProxy_leave__E                                                                                                    
00013528  ti_sysbios_knl_Clock_TimerProxy_getMaxTicks__E                                                                                                        
0001352c  ti_sysbios_knl_Queue_destruct                                                                                                                         
00013530  ti_sysbios_knl_Semaphore_destruct                                                                                                                     
00013534  ti_sysbios_knl_Task_startup__E                                                                                                                        
00013538  xdc_runtime_SysCallback_abort__E                                                                                                                      
00013538  xdc_runtime_System_SupportProxy_abort__E                                                                                                              
0001353c  xdc_runtime_SysCallback_exit__E                                                                                                                       
0001353c  xdc_runtime_System_SupportProxy_exit__E                                                                                                               
00013540  xdc_runtime_System_Module_GateProxy_enter__E                                                                                                          
00013544  xdc_runtime_System_Module_GateProxy_leave__E                                                                                                          
00013548  xdc_runtime_System_Module_startup__E                                                                                                                  
0001354c  _nop                                                                                                                                                  
0001354e  ti_sysbios_BIOS_linkedWithIncorrectBootLibrary__E                                                                                                     
00013550  ti_sysbios_BIOS_nullFunc__I                                                                                                                           
00013552  ti_sysbios_gates_GateHwi_Instance_init__E                                                                                                             
00013554  ti_sysbios_knl_Clock_logTick__E                                                                                                                       
00013556  xdc_runtime_Error_policySpin__E                                                                                                                       
00013558  xdc_runtime_SysCallback_defaultAbort                                                                                                                  
0001355a  xdc_runtime_SysCallback_defaultExit                                                                                                                   
0001355c  xdc_runtime_System_abortSpin__E                                                                                                                       
0001355e  xdc_runtime_System_exitSpin__E                                                                                                                        
ffffffff  __TI_pprof_out_hndl                                                                                                                                   
ffffffff  __TI_prof_data_size                                                                                                                                   
ffffffff  __TI_prof_data_start                                                                                                                                  
ffffffff  __c_args__                                                                                                                                            
UNDEFED   __TI_INITARRAY_Base                                                                                                                                   
UNDEFED   __TI_INITARRAY_Limit                                                                                                                                  

[1838 symbols]
